<html>
<body>
<pre>
<h1>µVision Build Log</h1>
<h2>Project:</h2>
N:\MTE241\Project4\Project4.uvproj
Project File Date:  11/14/2017

<h2>Output:</h2>
Clean started: Project: 'Project4'
   deleting intermediate output files for target 'Target 1'
Rebuild target 'Target 1'
assembling startup_LPC17xx.s...
compiling ece_spi.c...
compiling GLCD_Scroll.c...
compiling GLCD_SPI_LPC1700.c...
compiling joystick.c...
compiling led.c...
compiling MPU9250.c...
compiling potentiometer.c...
potentiometer.c(23): warning:  #940-D: missing return statement at end of non-void function "potentiometer_read"
compiling Retarget.c...
compiling RTX_config.c...
compiling sensor_fusion.c...
compiling timer.c...
compiling uart.c...
compiling p4_main.c...
bitmaps.h(8): warning:  #1-D: last line of file ends without a newline
compiling bitmaps.c...
bitmaps.h(8): warning:  #1-D: last line of file ends without a newline
compiling system_LPC17xx.c...
linking...
Program Size: Code=6402 RO-data=6558 RW-data=2196 ZI-data=8324  
"Project4.axf" - 0 Error(s), 3 Warning(s).
Load "N:\\MTE241\\Project4\\Project4.AXF" 
Erase Done.
Programming Done.
Verify OK.
Build target 'Target 1'
compiling p4_main.c...
bitmaps.h(8): warning:  #1-D: last line of file ends without a newline
p4_main.c(125): error:  #29: expected an expression
p4_main.c(132): warning:  #12-D: parsing restarts here after previous syntax error
p4_main.c(132): error:  #65: expected a ";"
p4_main.c(108): warning:  #550-D: variable "direction" was set but never used
p4_main.c(109): warning:  #177-D: variable "pushed" was declared but never referenced
p4_main.c(132): error: At end of source:  #67: expected a "}"
Target not created
Build target 'Target 1'
compiling p4_main.c...
bitmaps.h(8): warning:  #1-D: last line of file ends without a newline
p4_main.c(125): error:  #29: expected an expression
p4_main.c(128): warning:  #12-D: parsing restarts here after previous syntax error
p4_main.c(108): warning:  #550-D: variable "direction" was set but never used
p4_main.c(109): warning:  #177-D: variable "pushed" was declared but never referenced
Target not created
Build target 'Target 1'
compiling p4_main.c...
bitmaps.h(8): warning:  #1-D: last line of file ends without a newline
p4_main.c(125): error:  #29: expected an expression
p4_main.c(128): warning:  #12-D: parsing restarts here after previous syntax error
p4_main.c(108): warning:  #550-D: variable "direction" was set but never used
p4_main.c(109): warning:  #177-D: variable "pushed" was declared but never referenced
Target not created
Build target 'Target 1'
compiling p4_main.c...
bitmaps.h(8): warning:  #1-D: last line of file ends without a newline
linking...
Program Size: Code=6406 RO-data=6558 RW-data=2196 ZI-data=8324  
"Project4.axf" - 0 Error(s), 1 Warning(s).
Load "N:\\MTE241\\Project4\\Project4.AXF" 
Erase Done.
Programming Done.
Verify OK.
Build target 'Target 1'
compiling p4_main.c...
bitmaps.h(8): warning:  #1-D: last line of file ends without a newline
p4_main.c(113): error:  #18: expected a ")"
p4_main.c(129): warning:  #12-D: parsing restarts here after previous syntax error
p4_main.c(129): error:  #127: expected a statement
p4_main.c(108): warning:  #177-D: variable "direction" was declared but never referenced
p4_main.c(109): warning:  #177-D: variable "pushed" was declared but never referenced
Target not created
Build target 'Target 1'
compiling p4_main.c...
bitmaps.h(8): warning:  #1-D: last line of file ends without a newline
linking...
Program Size: Code=6410 RO-data=6558 RW-data=2196 ZI-data=8324  
"Project4.axf" - 0 Error(s), 1 Warning(s).
Load "N:\\MTE241\\Project4\\Project4.AXF" 
Erase Done.
Programming Done.
Verify OK.
Build target 'Target 1'
compiling p4_main.c...
bitmaps.h(8): warning:  #1-D: last line of file ends without a newline
linking...
Program Size: Code=6410 RO-data=6558 RW-data=2196 ZI-data=8324  
"Project4.axf" - 0 Error(s), 1 Warning(s).
Load "N:\\MTE241\\Project4\\Project4.AXF" 
Erase Done.
Programming Done.
Verify OK.
Build target 'Target 1'
compiling p4_main.c...
bitmaps.h(8): warning:  #1-D: last line of file ends without a newline
linking...
Program Size: Code=6406 RO-data=6558 RW-data=2196 ZI-data=8324  
"Project4.axf" - 0 Error(s), 1 Warning(s).
Load "N:\\MTE241\\Project4\\Project4.AXF" 
Erase Done.
Programming Done.
Verify OK.
Build target 'Target 1'
compiling p4_main.c...
bitmaps.h(8): warning:  #1-D: last line of file ends without a newline
linking...
Program Size: Code=6406 RO-data=6558 RW-data=2196 ZI-data=8324  
"Project4.axf" - 0 Error(s), 1 Warning(s).
Load "N:\\MTE241\\Project4\\Project4.AXF" 
Erase Done.
Programming Done.
Verify OK.
Build target 'Target 1'
compiling p4_main.c...
bitmaps.h(8): warning:  #1-D: last line of file ends without a newline
linking...
Program Size: Code=6406 RO-data=6558 RW-data=2196 ZI-data=8324  
"Project4.axf" - 0 Error(s), 1 Warning(s).
Build target 'Target 1'
compiling p4_main.c...
bitmaps.h(8): warning:  #1-D: last line of file ends without a newline
linking...
Program Size: Code=6410 RO-data=6558 RW-data=2196 ZI-data=8324  
"Project4.axf" - 0 Error(s), 1 Warning(s).
Load "N:\\MTE241\\Project4\\Project4.AXF" 
Erase Done.
Programming Done.
Verify OK.
Build target 'Target 1'
compiling p4_main.c...
bitmaps.h(8): warning:  #1-D: last line of file ends without a newline
p4_main.c(113): warning:  #226-D: invalid format string conversion
linking...
Program Size: Code=6132 RO-data=6560 RW-data=2196 ZI-data=8324  
"Project4.axf" - 0 Error(s), 2 Warning(s).
Load "N:\\MTE241\\Project4\\Project4.AXF" 
Erase Done.
Programming Done.
Verify OK.
Build target 'Target 1'
compiling p4_main.c...
bitmaps.h(8): warning:  #1-D: last line of file ends without a newline
linking...
Program Size: Code=6630 RO-data=6558 RW-data=2196 ZI-data=8324  
"Project4.axf" - 0 Error(s), 1 Warning(s).
Load "N:\\MTE241\\Project4\\Project4.AXF" 
Erase Done.
Programming Done.
Verify OK.
Build target 'Target 1'
compiling p4_main.c...
bitmaps.h(8): warning:  #1-D: last line of file ends without a newline
linking...
Program Size: Code=6630 RO-data=6558 RW-data=2196 ZI-data=8324  
"Project4.axf" - 0 Error(s), 1 Warning(s).
Load "N:\\MTE241\\Project4\\Project4.AXF" 
Erase Done.
Programming Done.
Verify OK.
Build target 'Target 1'
compiling p4_main.c...
bitmaps.h(8): warning:  #1-D: last line of file ends without a newline
linking...
Program Size: Code=6410 RO-data=6558 RW-data=2196 ZI-data=8324  
"Project4.axf" - 0 Error(s), 1 Warning(s).
Build target 'Target 1'
compiling p4_main.c...
bitmaps.h(8): warning:  #1-D: last line of file ends without a newline
linking...
Program Size: Code=6410 RO-data=6558 RW-data=2196 ZI-data=8324  
"Project4.axf" - 0 Error(s), 1 Warning(s).
Load "N:\\MTE241\\Project4\\Project4.AXF" 
Erase Done.
Programming Done.
Verify OK.
Build target 'Target 1'
compiling p4_main.c...
bitmaps.h(8): warning:  #1-D: last line of file ends without a newline
p4_main.c(114): error:  #18: expected a ")"
p4_main.c(130): warning:  #12-D: parsing restarts here after previous syntax error
p4_main.c(130): error:  #127: expected a statement
p4_main.c(109): warning:  #177-D: variable "direction" was declared but never referenced
p4_main.c(110): warning:  #177-D: variable "pushed" was declared but never referenced
Target not created
Build target 'Target 1'
compiling p4_main.c...
bitmaps.h(8): warning:  #1-D: last line of file ends without a newline
linking...
Program Size: Code=6414 RO-data=6558 RW-data=2196 ZI-data=8324  
"Project4.axf" - 0 Error(s), 1 Warning(s).
Load "N:\\MTE241\\Project4\\Project4.AXF" 
Erase Done.
Programming Done.
Verify OK.
Build target 'Target 1'
compiling p4_main.c...
bitmaps.h(8): warning:  #1-D: last line of file ends without a newline
linking...
Program Size: Code=6418 RO-data=6558 RW-data=2196 ZI-data=8324  
"Project4.axf" - 0 Error(s), 1 Warning(s).
Load "N:\\MTE241\\Project4\\Project4.AXF" 
Erase Done.
Programming Done.
Verify OK.
Build target 'Target 1'
compiling p4_main.c...
bitmaps.h(8): warning:  #1-D: last line of file ends without a newline
p4_main.c(101): warning:  #177-D: variable "val" was declared but never referenced
linking...
Program Size: Code=6210 RO-data=6558 RW-data=2196 ZI-data=8324  
"Project4.axf" - 0 Error(s), 2 Warning(s).
Load "N:\\MTE241\\Project4\\Project4.AXF" 
Erase Done.
Programming Done.
Verify OK.
Build target 'Target 1'
compiling p4_main.c...
bitmaps.h(8): warning:  #1-D: last line of file ends without a newline
p4_main.c(102): warning:  #177-D: variable "i" was declared but never referenced
p4_main.c(103): warning:  #177-D: variable "test" was declared but never referenced
linking...
Program Size: Code=6422 RO-data=6558 RW-data=2196 ZI-data=8324  
"Project4.axf" - 0 Error(s), 3 Warning(s).
Load "N:\\MTE241\\Project4\\Project4.AXF" 
Erase Done.
Programming Done.
Verify OK.
Build target 'Target 1'
compiling p4_main.c...
bitmaps.h(8): warning:  #1-D: last line of file ends without a newline
p4_main.c(101): warning:  #177-D: variable "val" was declared but never referenced
linking...
Program Size: Code=6210 RO-data=6558 RW-data=2196 ZI-data=8324  
"Project4.axf" - 0 Error(s), 2 Warning(s).
Load "N:\\MTE241\\Project4\\Project4.AXF" 
Erase Done.
Programming Done.
Verify OK.
Build target 'Target 1'
compiling p4_main.c...
bitmaps.h(8): warning:  #1-D: last line of file ends without a newline
p4_main.c(101): warning:  #177-D: variable "val" was declared but never referenced
linking...
Program Size: Code=6210 RO-data=6558 RW-data=2196 ZI-data=8324  
"Project4.axf" - 0 Error(s), 2 Warning(s).
Load "N:\\MTE241\\Project4\\Project4.AXF" 
Erase Done.
Programming Done.
Verify OK.
Build target 'Target 1'
compiling p4_main.c...
bitmaps.h(8): warning:  #1-D: last line of file ends without a newline
p4_main.c(102): warning:  #177-D: variable "i" was declared but never referenced
p4_main.c(103): warning:  #177-D: variable "test" was declared but never referenced
linking...
Program Size: Code=6430 RO-data=6558 RW-data=2196 ZI-data=8324  
"Project4.axf" - 0 Error(s), 3 Warning(s).
Load "N:\\MTE241\\Project4\\Project4.AXF" 
Erase Done.
Programming Done.
Verify OK.
Build target 'Target 1'
compiling p4_main.c...
bitmaps.h(8): warning:  #1-D: last line of file ends without a newline
linking...
Program Size: Code=6304 RO-data=6556 RW-data=2196 ZI-data=8324  
"Project4.axf" - 0 Error(s), 1 Warning(s).
Load "N:\\MTE241\\Project4\\Project4.AXF" 
Erase Done.
Programming Done.
Verify OK.
Load "N:\\MTE241\\Project4\\Project4.AXF" 
Erase Done.
Programming Done.
Verify OK.
Build target 'Target 1'
compiling p4_main.c...
bitmaps.h(8): warning:  #1-D: last line of file ends without a newline
linking...
Program Size: Code=6308 RO-data=6556 RW-data=2196 ZI-data=8324  
"Project4.axf" - 0 Error(s), 1 Warning(s).
Load "N:\\MTE241\\Project4\\Project4.AXF" 
Erase Done.
Programming Done.
Verify OK.
Rebuild target 'Target 1'
assembling startup_LPC17xx.s...
compiling ece_spi.c...
compiling GLCD_Scroll.c...
compiling GLCD_SPI_LPC1700.c...
compiling joystick.c...
compiling led.c...
compiling MPU9250.c...
compiling potentiometer.c...
potentiometer.c(23): warning:  #940-D: missing return statement at end of non-void function "potentiometer_read"
compiling Retarget.c...
compiling RTX_config.c...
compiling sensor_fusion.c...
compiling timer.c...
compiling uart.c...
compiling p4_main.c...
bitmaps.h(8): warning:  #1-D: last line of file ends without a newline
compiling bitmaps.c...
bitmaps.h(8): warning:  #1-D: last line of file ends without a newline
compiling system_LPC17xx.c...
linking...
Program Size: Code=6308 RO-data=6556 RW-data=2196 ZI-data=8324  
"Project4.axf" - 0 Error(s), 3 Warning(s).
Load "N:\\MTE241\\Project4\\Project4.AXF" 
Erase Done.
Programming Done.
Verify OK.
Build target 'Target 1'
compiling p4_main.c...
bitmaps.h(8): warning:  #1-D: last line of file ends without a newline
linking...
Program Size: Code=6212 RO-data=6556 RW-data=2196 ZI-data=8324  
"Project4.axf" - 0 Error(s), 1 Warning(s).
Load "N:\\MTE241\\Project4\\Project4.AXF" 
Erase Done.
Programming Done.
Verify OK.
Load "N:\\MTE241\\Project4\\Project4.AXF" 
Erase Done.
Programming Done.
Verify OK.
Build target 'Target 1'
compiling p4_main.c...
bitmaps.h(8): warning:  #1-D: last line of file ends without a newline
linking...
Program Size: Code=6204 RO-data=6556 RW-data=2196 ZI-data=8324  
"Project4.axf" - 0 Error(s), 1 Warning(s).
Load "N:\\MTE241\\Project4\\Project4.AXF" 
Erase Done.
Programming Done.
Verify OK.
Build target 'Target 1'
compiling p4_main.c...
bitmaps.h(8): warning:  #1-D: last line of file ends without a newline
p4_main.c(119): warning:  #111-D: statement is unreachable
linking...
Program Size: Code=6228 RO-data=6556 RW-data=2204 ZI-data=8324  
"Project4.axf" - 0 Error(s), 2 Warning(s).
Load "N:\\MTE241\\Project4\\Project4.AXF" 
Erase Done.
Programming Done.
Verify OK.
Build target 'Target 1'
compiling p4_main.c...
bitmaps.h(8): warning:  #1-D: last line of file ends without a newline
p4_main.c(116): warning:  #223-D: function "abs" declared implicitly
p4_main.c(120): warning:  #111-D: statement is unreachable
linking...
Program Size: Code=6236 RO-data=6556 RW-data=2204 ZI-data=8324  
"Project4.axf" - 0 Error(s), 3 Warning(s).
Load "N:\\MTE241\\Project4\\Project4.AXF" 
Erase Done.
Programming Done.
Verify OK.
Build target 'Target 1'
compiling p4_main.c...
bitmaps.h(8): warning:  #1-D: last line of file ends without a newline
p4_main.c(116): warning:  #223-D: function "abs" declared implicitly
linking...
Program Size: Code=6244 RO-data=6556 RW-data=2204 ZI-data=8324  
"Project4.axf" - 0 Error(s), 2 Warning(s).
Load "N:\\MTE241\\Project4\\Project4.AXF" 
Erase Done.
Programming Done.
Verify OK.
Build target 'Target 1'
compiling p4_main.c...
bitmaps.h(8): warning:  #1-D: last line of file ends without a newline
p4_main.c(116): warning:  #223-D: function "abs" declared implicitly
linking...
Program Size: Code=6244 RO-data=6556 RW-data=2204 ZI-data=8324  
"Project4.axf" - 0 Error(s), 2 Warning(s).
Load "N:\\MTE241\\Project4\\Project4.AXF" 
Erase Done.
Programming Done.
Verify OK.
Build target 'Target 1'
compiling p4_main.c...
bitmaps.h(8): warning:  #1-D: last line of file ends without a newline
linking...
Program Size: Code=6240 RO-data=6556 RW-data=2204 ZI-data=8324  
"Project4.axf" - 0 Error(s), 1 Warning(s).
Load "N:\\MTE241\\Project4\\Project4.AXF" 
Erase Done.
Programming Done.
Verify OK.
