<html>
<body>
<pre>
<h1>µVision Build Log</h1>
<h2>Project:</h2>
N:\241\Project-4-241\Project4e.uvproj
Project File Date:  11/14/2017

<h2>Output:</h2>
Build target 'Target 1'
compiling p4_main.c...
shapeController.h(8): warning:  #1-D: last line of file ends without a newline
compiling shapeController.c...
shapeController.h(8): warning:  #1-D: last line of file ends without a newline
shapeController.c(231): warning:  #1-D: last line of file ends without a newline
linking...
Program Size: Code=6628 RO-data=6576 RW-data=1672 ZI-data=8832  
"Project4e.axf" - 0 Error(s), 3 Warning(s).
