ARM Linker, 5.02 [Build 28] [MDK-ARM Lite]

==============================================================================

Section Cross References

    startup_lpc17xx.o(RESET) refers to startup_lpc17xx.o(STACK) for __initial_sp
    startup_lpc17xx.o(RESET) refers to startup_lpc17xx.o(.text) for Reset_Handler
    startup_lpc17xx.o(RESET) refers to uart.o(.text) for UART0_IRQHandler
    startup_lpc17xx.o(.text) refers to system_lpc17xx.o(.text) for SystemInit
    startup_lpc17xx.o(.text) refers to entry.o(.ARM.Collect$$$$00000000) for __main
    glcd_scroll.o(.text) refers to glcd_spi_lpc1700.o(.text) for GLCD_Init
    glcd_scroll.o(.text) refers to glcd_scroll.o(i.last_line) for last_line
    glcd_scroll.o(.text) refers to glcd_scroll.o(i.last_window_line) for last_window_line
    glcd_scroll.o(.text) refers to glcd_scroll.o(.data) for cache_start
    glcd_scroll.o(.text) refers to glcd_scroll.o(.bss) for chache
    glcd_spi_lpc1700.o(.text) refers to glcd_spi_lpc1700.o(.data) for Himax
    glcd_spi_lpc1700.o(.text) refers to glcd_spi_lpc1700.o(.constdata) for Font_6x8_h
    led.o(.text) refers to led.o(.constdata) for led_pos
    mpu9250.o(.text) refers to ece_spi.o(.text) for SPI_select
    mpu9250.o(.text) refers to ffltui.o(.text) for __aeabi_ui2f
    mpu9250.o(.text) refers to fadd.o(.text) for __aeabi_fsub
    mpu9250.o(.text) refers to fdiv.o(.text) for __aeabi_fdiv
    mpu9250.o(.text) refers to fmul.o(.text) for __aeabi_fmul
    mpu9250.o(.text) refers to fflti.o(.text) for __aeabi_i2f
    mpu9250.o(.text) refers to mpu9250.o(.bss) for Magnetometer_ASA
    mpu9250.o(.text) refers to mpu9250.o(.data) for gyro_divider
    mpu9250.o(.text) refers to memcpya.o(.text) for __aeabi_memcpy4
    mpu9250.o(.text) refers to f2d.o(.text) for __aeabi_f2d
    mpu9250.o(.text) refers to dadd.o(.text) for __aeabi_dadd
    mpu9250.o(.text) refers to d2f.o(.text) for __aeabi_d2f
    mpu9250.o(.text) refers to ddiv.o(.text) for __aeabi_ddiv
    mpu9250.o(.text) refers to mpu9250.o(.constdata) for .constdata
    retarget.o(.text) refers to uart.o(.text) for UARTInit
    retarget.o(.text) refers to retarget.o(.data) for uart_init_called
    sensor_fusion.o(.text) refers to fdiv.o(.text) for __aeabi_fdiv
    sensor_fusion.o(.text) refers to fmul.o(.text) for __aeabi_fmul
    sensor_fusion.o(.text) refers to fadd.o(.text) for __aeabi_frsub
    sensor_fusion.o(.text) refers to atan2f.o(i.atan2f) for atan2f
    sensor_fusion.o(.text) refers to asinf.o(i.asinf) for asinf
    sensor_fusion.o(.text) refers to cfcmple.o(.text) for __aeabi_cfcmpeq
    sensor_fusion.o(.text) refers to cfrcmple.o(.text) for __aeabi_cfrcmple
    sensor_fusion.o(.text) refers to sensor_fusion.o(.data) for invSampleFreq
    sensor_fusion.o(.text) refers to sqrtf.o(i.sqrtf) for sqrtf
    timer.o(.text) refers to system_lpc17xx.o(.data) for SystemCoreClock
    uart.o(.text) refers to uart.o(.data) for RcvLock0
    uart.o(.text) refers to uart.o(.bss) for UART0Buffer
    uart.o(.text) refers to system_lpc17xx.o(.data) for SystemCoreClock
    p4_main.o(.text) refers to glcd_spi_lpc1700.o(.text) for GLCD_Init
    p4_main.o(.text) refers to led.o(.text) for LED_setup
    p4_main.o(.text) refers to printf1.o(i.__0printf$1) for __2printf
    p4_main.o(.text) refers to potentiometer.o(.text) for potentiometer_setup
    p4_main.o(.text) refers to bitmaps.o(.data) for bs
    p4_main.o(.text) refers to p4_main.o(.data) for newPot
    system_lpc17xx.o(.text) refers to uldiv.o(.text) for __aeabi_uldivmod
    system_lpc17xx.o(.text) refers to system_lpc17xx.o(.data) for SystemCoreClock
    asinf.o(i.__softfp_asinf) refers (Special) to iusefp.o(.text) for __I$use$fp
    asinf.o(i.__softfp_asinf) refers to asinf.o(i.asinf) for asinf
    asinf.o(i.asinf) refers (Special) to iusefp.o(.text) for __I$use$fp
    asinf.o(i.asinf) refers to fpclassifyf.o(i.__ARM_fpclassifyf) for __ARM_fpclassifyf
    asinf.o(i.asinf) refers to funder.o(i.__mathlib_flt_underflow) for __mathlib_flt_underflow
    asinf.o(i.asinf) refers to fscalb.o(.text) for __ARM_scalbnf
    asinf.o(i.asinf) refers to errno.o(i.__set_errno) for __set_errno
    asinf.o(i.asinf) refers to fdiv.o(.text) for __aeabi_fdiv
    asinf.o(i.asinf) refers to fadd.o(.text) for __aeabi_frsub
    asinf.o(i.asinf) refers to sqrtf.o(i.sqrtf) for sqrtf
    asinf.o(i.asinf) refers to fmul.o(.text) for __aeabi_fmul
    asinf_x.o(i.____softfp_asinf$lsc) refers (Special) to iusefp.o(.text) for __I$use$fp
    asinf_x.o(i.____softfp_asinf$lsc) refers to asinf_x.o(i.__asinf$lsc) for __asinf$lsc
    asinf_x.o(i.__asinf$lsc) refers (Special) to iusefp.o(.text) for __I$use$fp
    asinf_x.o(i.__asinf$lsc) refers to fscalb.o(.text) for __ARM_scalbnf
    asinf_x.o(i.__asinf$lsc) refers to errno.o(i.__set_errno) for __set_errno
    asinf_x.o(i.__asinf$lsc) refers to fadd.o(.text) for __aeabi_frsub
    asinf_x.o(i.__asinf$lsc) refers to sqrtf.o(i.sqrtf) for sqrtf
    asinf_x.o(i.__asinf$lsc) refers to fmul.o(.text) for __aeabi_fmul
    atan2f.o(i.__softfp_atan2f) refers (Special) to iusefp.o(.text) for __I$use$fp
    atan2f.o(i.__softfp_atan2f) refers to atan2f.o(i.atan2f) for atan2f
    atan2f.o(i.atan2f) refers (Special) to iusefp.o(.text) for __I$use$fp
    atan2f.o(i.atan2f) refers to fadd.o(.text) for __aeabi_fadd
    atan2f.o(i.atan2f) refers to fmul.o(.text) for __aeabi_fmul
    atan2f.o(i.atan2f) refers to fdiv.o(.text) for __aeabi_fdiv
    atan2f.o(i.atan2f) refers to fpclassifyf.o(i.__ARM_fpclassifyf) for __ARM_fpclassifyf
    atan2f.o(i.atan2f) refers to funder.o(i.__mathlib_flt_underflow) for __mathlib_flt_underflow
    atan2f_x.o(i.____softfp_atan2f$lsc) refers (Special) to iusefp.o(.text) for __I$use$fp
    atan2f_x.o(i.____softfp_atan2f$lsc) refers to atan2f_x.o(i.__atan2f$lsc) for __atan2f$lsc
    atan2f_x.o(i.__atan2f$lsc) refers (Special) to iusefp.o(.text) for __I$use$fp
    atan2f_x.o(i.__atan2f$lsc) refers to fadd.o(.text) for __aeabi_fadd
    atan2f_x.o(i.__atan2f$lsc) refers to errno.o(i.__set_errno) for __set_errno
    atan2f_x.o(i.__atan2f$lsc) refers to fmul.o(.text) for __aeabi_fmul
    atan2f_x.o(i.__atan2f$lsc) refers to fdiv.o(.text) for __aeabi_fdiv
    sqrtf.o(i.__softfp_sqrtf) refers (Special) to iusefp.o(.text) for __I$use$fp
    sqrtf.o(i.__softfp_sqrtf) refers to fsqrt.o(.text) for _fsqrt
    sqrtf.o(i.__softfp_sqrtf) refers to errno.o(i.__set_errno) for __set_errno
    sqrtf.o(i.sqrtf) refers (Special) to iusefp.o(.text) for __I$use$fp
    sqrtf.o(i.sqrtf) refers to fsqrt.o(.text) for _fsqrt
    sqrtf.o(i.sqrtf) refers to errno.o(i.__set_errno) for __set_errno
    sqrtf_x.o(i.____softfp_sqrtf$lsc) refers (Special) to iusefp.o(.text) for __I$use$fp
    sqrtf_x.o(i.____softfp_sqrtf$lsc) refers to errno.o(i.__set_errno) for __set_errno
    sqrtf_x.o(i.____softfp_sqrtf$lsc) refers to fsqrt.o(.text) for _fsqrt
    sqrtf_x.o(i.__sqrtf$lsc) refers (Special) to iusefp.o(.text) for __I$use$fp
    sqrtf_x.o(i.__sqrtf$lsc) refers to errno.o(i.__set_errno) for __set_errno
    sqrtf_x.o(i.__sqrtf$lsc) refers to fsqrt.o(.text) for _fsqrt
    entry.o(.ARM.Collect$$$$00000000) refers (Special) to entry7b.o(.ARM.Collect$$$$00000008) for _main_clock
    entry.o(.ARM.Collect$$$$00000000) refers (Special) to entry8.o(.ARM.Collect$$$$00000009) for _main_init
    entry.o(.ARM.Collect$$$$00000000) refers (Special) to entry5.o(.ARM.Collect$$$$00000004) for _main_scatterload
    entry.o(.ARM.Collect$$$$00000000) refers (Special) to entry2.o(.ARM.Collect$$$$00000001) for _main_stk
    uldiv.o(.text) refers to llushr.o(.text) for __aeabi_llsr
    uldiv.o(.text) refers to llshl.o(.text) for __aeabi_llsl
    printfb.o(i.__0fprintf$bare) refers to printfb.o(i._printf_core) for _printf_core
    printfb.o(i.__0fprintf$bare) refers to retarget.o(.text) for fputc
    printfb.o(i.__0printf$bare) refers to printfb.o(i._printf_core) for _printf_core
    printfb.o(i.__0printf$bare) refers to retarget.o(.text) for fputc
    printfb.o(i.__0printf$bare) refers to retarget.o(.data) for __stdout
    printfb.o(i.__0snprintf$bare) refers to printfb.o(i._printf_core) for _printf_core
    printfb.o(i.__0snprintf$bare) refers to printfb.o(i._snputc) for _snputc
    printfb.o(i.__0sprintf$bare) refers to printfb.o(i._printf_core) for _printf_core
    printfb.o(i.__0sprintf$bare) refers to printfb.o(i._sputc) for _sputc
    printfb.o(i.__0vfprintf$bare) refers to printfb.o(i._printf_core) for _printf_core
    printfb.o(i.__0vfprintf$bare) refers to retarget.o(.text) for fputc
    printfb.o(i.__0vprintf$bare) refers to printfb.o(i._printf_core) for _printf_core
    printfb.o(i.__0vprintf$bare) refers to retarget.o(.text) for fputc
    printfb.o(i.__0vprintf$bare) refers to retarget.o(.data) for __stdout
    printfb.o(i.__0vsnprintf$bare) refers to printfb.o(i._printf_core) for _printf_core
    printfb.o(i.__0vsnprintf$bare) refers to printfb.o(i._snputc) for _snputc
    printfb.o(i.__0vsprintf$bare) refers to printfb.o(i._printf_core) for _printf_core
    printfb.o(i.__0vsprintf$bare) refers to printfb.o(i._sputc) for _sputc
    printf0.o(i.__0fprintf$0) refers to printf0.o(i._printf_core) for _printf_core
    printf0.o(i.__0fprintf$0) refers to retarget.o(.text) for fputc
    printf0.o(i.__0printf$0) refers to printf0.o(i._printf_core) for _printf_core
    printf0.o(i.__0printf$0) refers to retarget.o(.text) for fputc
    printf0.o(i.__0printf$0) refers to retarget.o(.data) for __stdout
    printf0.o(i.__0snprintf$0) refers to printf0.o(i._printf_core) for _printf_core
    printf0.o(i.__0snprintf$0) refers to printf0.o(i._snputc) for _snputc
    printf0.o(i.__0sprintf$0) refers to printf0.o(i._printf_core) for _printf_core
    printf0.o(i.__0sprintf$0) refers to printf0.o(i._sputc) for _sputc
    printf0.o(i.__0vfprintf$0) refers to printf0.o(i._printf_core) for _printf_core
    printf0.o(i.__0vfprintf$0) refers to retarget.o(.text) for fputc
    printf0.o(i.__0vprintf$0) refers to printf0.o(i._printf_core) for _printf_core
    printf0.o(i.__0vprintf$0) refers to retarget.o(.text) for fputc
    printf0.o(i.__0vprintf$0) refers to retarget.o(.data) for __stdout
    printf0.o(i.__0vsnprintf$0) refers to printf0.o(i._printf_core) for _printf_core
    printf0.o(i.__0vsnprintf$0) refers to printf0.o(i._snputc) for _snputc
    printf0.o(i.__0vsprintf$0) refers to printf0.o(i._printf_core) for _printf_core
    printf0.o(i.__0vsprintf$0) refers to printf0.o(i._sputc) for _sputc
    printf1.o(i.__0fprintf$1) refers to printf1.o(i._printf_core) for _printf_core
    printf1.o(i.__0fprintf$1) refers to retarget.o(.text) for fputc
    printf1.o(i.__0printf$1) refers to printf1.o(i._printf_core) for _printf_core
    printf1.o(i.__0printf$1) refers to retarget.o(.text) for fputc
    printf1.o(i.__0printf$1) refers to retarget.o(.data) for __stdout
    printf1.o(i.__0snprintf$1) refers to printf1.o(i._printf_core) for _printf_core
    printf1.o(i.__0snprintf$1) refers to printf1.o(i._snputc) for _snputc
    printf1.o(i.__0sprintf$1) refers to printf1.o(i._printf_core) for _printf_core
    printf1.o(i.__0sprintf$1) refers to printf1.o(i._sputc) for _sputc
    printf1.o(i.__0vfprintf$1) refers to printf1.o(i._printf_core) for _printf_core
    printf1.o(i.__0vfprintf$1) refers to retarget.o(.text) for fputc
    printf1.o(i.__0vprintf$1) refers to printf1.o(i._printf_core) for _printf_core
    printf1.o(i.__0vprintf$1) refers to retarget.o(.text) for fputc
    printf1.o(i.__0vprintf$1) refers to retarget.o(.data) for __stdout
    printf1.o(i.__0vsnprintf$1) refers to printf1.o(i._printf_core) for _printf_core
    printf1.o(i.__0vsnprintf$1) refers to printf1.o(i._snputc) for _snputc
    printf1.o(i.__0vsprintf$1) refers to printf1.o(i._printf_core) for _printf_core
    printf1.o(i.__0vsprintf$1) refers to printf1.o(i._sputc) for _sputc
    printf1.o(i._printf_core) refers to uidiv.o(.text) for __aeabi_uidivmod
    printf2.o(i.__0fprintf$2) refers to printf2.o(i._printf_core) for _printf_core
    printf2.o(i.__0fprintf$2) refers to retarget.o(.text) for fputc
    printf2.o(i.__0printf$2) refers to printf2.o(i._printf_core) for _printf_core
    printf2.o(i.__0printf$2) refers to retarget.o(.text) for fputc
    printf2.o(i.__0printf$2) refers to retarget.o(.data) for __stdout
    printf2.o(i.__0snprintf$2) refers to printf2.o(i._printf_core) for _printf_core
    printf2.o(i.__0snprintf$2) refers to printf2.o(i._snputc) for _snputc
    printf2.o(i.__0sprintf$2) refers to printf2.o(i._printf_core) for _printf_core
    printf2.o(i.__0sprintf$2) refers to printf2.o(i._sputc) for _sputc
    printf2.o(i.__0vfprintf$2) refers to printf2.o(i._printf_core) for _printf_core
    printf2.o(i.__0vfprintf$2) refers to retarget.o(.text) for fputc
    printf2.o(i.__0vprintf$2) refers to printf2.o(i._printf_core) for _printf_core
    printf2.o(i.__0vprintf$2) refers to retarget.o(.text) for fputc
    printf2.o(i.__0vprintf$2) refers to retarget.o(.data) for __stdout
    printf2.o(i.__0vsnprintf$2) refers to printf2.o(i._printf_core) for _printf_core
    printf2.o(i.__0vsnprintf$2) refers to printf2.o(i._snputc) for _snputc
    printf2.o(i.__0vsprintf$2) refers to printf2.o(i._printf_core) for _printf_core
    printf2.o(i.__0vsprintf$2) refers to printf2.o(i._sputc) for _sputc
    printf3.o(i.__0fprintf$3) refers to printf3.o(i._printf_core) for _printf_core
    printf3.o(i.__0fprintf$3) refers to retarget.o(.text) for fputc
    printf3.o(i.__0printf$3) refers to printf3.o(i._printf_core) for _printf_core
    printf3.o(i.__0printf$3) refers to retarget.o(.text) for fputc
    printf3.o(i.__0printf$3) refers to retarget.o(.data) for __stdout
    printf3.o(i.__0snprintf$3) refers to printf3.o(i._printf_core) for _printf_core
    printf3.o(i.__0snprintf$3) refers to printf3.o(i._snputc) for _snputc
    printf3.o(i.__0sprintf$3) refers to printf3.o(i._printf_core) for _printf_core
    printf3.o(i.__0sprintf$3) refers to printf3.o(i._sputc) for _sputc
    printf3.o(i.__0vfprintf$3) refers to printf3.o(i._printf_core) for _printf_core
    printf3.o(i.__0vfprintf$3) refers to retarget.o(.text) for fputc
    printf3.o(i.__0vprintf$3) refers to printf3.o(i._printf_core) for _printf_core
    printf3.o(i.__0vprintf$3) refers to retarget.o(.text) for fputc
    printf3.o(i.__0vprintf$3) refers to retarget.o(.data) for __stdout
    printf3.o(i.__0vsnprintf$3) refers to printf3.o(i._printf_core) for _printf_core
    printf3.o(i.__0vsnprintf$3) refers to printf3.o(i._snputc) for _snputc
    printf3.o(i.__0vsprintf$3) refers to printf3.o(i._printf_core) for _printf_core
    printf3.o(i.__0vsprintf$3) refers to printf3.o(i._sputc) for _sputc
    printf3.o(i._printf_core) refers to uidiv.o(.text) for __aeabi_uidivmod
    printf4.o(i.__0fprintf$4) refers to printf4.o(i._printf_core) for _printf_core
    printf4.o(i.__0fprintf$4) refers to retarget.o(.text) for fputc
    printf4.o(i.__0printf$4) refers to printf4.o(i._printf_core) for _printf_core
    printf4.o(i.__0printf$4) refers to retarget.o(.text) for fputc
    printf4.o(i.__0printf$4) refers to retarget.o(.data) for __stdout
    printf4.o(i.__0snprintf$4) refers to printf4.o(i._printf_core) for _printf_core
    printf4.o(i.__0snprintf$4) refers to printf4.o(i._snputc) for _snputc
    printf4.o(i.__0sprintf$4) refers to printf4.o(i._printf_core) for _printf_core
    printf4.o(i.__0sprintf$4) refers to printf4.o(i._sputc) for _sputc
    printf4.o(i.__0vfprintf$4) refers to printf4.o(i._printf_core) for _printf_core
    printf4.o(i.__0vfprintf$4) refers to retarget.o(.text) for fputc
    printf4.o(i.__0vprintf$4) refers to printf4.o(i._printf_core) for _printf_core
    printf4.o(i.__0vprintf$4) refers to retarget.o(.text) for fputc
    printf4.o(i.__0vprintf$4) refers to retarget.o(.data) for __stdout
    printf4.o(i.__0vsnprintf$4) refers to printf4.o(i._printf_core) for _printf_core
    printf4.o(i.__0vsnprintf$4) refers to printf4.o(i._snputc) for _snputc
    printf4.o(i.__0vsprintf$4) refers to printf4.o(i._printf_core) for _printf_core
    printf4.o(i.__0vsprintf$4) refers to printf4.o(i._sputc) for _sputc
    printf4.o(i._printf_core) refers to uldiv.o(.text) for __aeabi_uldivmod
    printf5.o(i.__0fprintf$5) refers to printf5.o(i._printf_core) for _printf_core
    printf5.o(i.__0fprintf$5) refers to retarget.o(.text) for fputc
    printf5.o(i.__0printf$5) refers to printf5.o(i._printf_core) for _printf_core
    printf5.o(i.__0printf$5) refers to retarget.o(.text) for fputc
    printf5.o(i.__0printf$5) refers to retarget.o(.data) for __stdout
    printf5.o(i.__0snprintf$5) refers to printf5.o(i._printf_core) for _printf_core
    printf5.o(i.__0snprintf$5) refers to printf5.o(i._snputc) for _snputc
    printf5.o(i.__0sprintf$5) refers to printf5.o(i._printf_core) for _printf_core
    printf5.o(i.__0sprintf$5) refers to printf5.o(i._sputc) for _sputc
    printf5.o(i.__0vfprintf$5) refers to printf5.o(i._printf_core) for _printf_core
    printf5.o(i.__0vfprintf$5) refers to retarget.o(.text) for fputc
    printf5.o(i.__0vprintf$5) refers to printf5.o(i._printf_core) for _printf_core
    printf5.o(i.__0vprintf$5) refers to retarget.o(.text) for fputc
    printf5.o(i.__0vprintf$5) refers to retarget.o(.data) for __stdout
    printf5.o(i.__0vsnprintf$5) refers to printf5.o(i._printf_core) for _printf_core
    printf5.o(i.__0vsnprintf$5) refers to printf5.o(i._snputc) for _snputc
    printf5.o(i.__0vsprintf$5) refers to printf5.o(i._printf_core) for _printf_core
    printf5.o(i.__0vsprintf$5) refers to printf5.o(i._sputc) for _sputc
    printf5.o(i._printf_core) refers to uldiv.o(.text) for __aeabi_uldivmod
    printf6.o(i.__0fprintf$6) refers to printf6.o(i._printf_core) for _printf_core
    printf6.o(i.__0fprintf$6) refers to retarget.o(.text) for fputc
    printf6.o(i.__0printf$6) refers to printf6.o(i._printf_core) for _printf_core
    printf6.o(i.__0printf$6) refers to retarget.o(.text) for fputc
    printf6.o(i.__0printf$6) refers to retarget.o(.data) for __stdout
    printf6.o(i.__0snprintf$6) refers to printf6.o(i._printf_core) for _printf_core
    printf6.o(i.__0snprintf$6) refers to printf6.o(i._snputc) for _snputc
    printf6.o(i.__0sprintf$6) refers to printf6.o(i._printf_core) for _printf_core
    printf6.o(i.__0sprintf$6) refers to printf6.o(i._sputc) for _sputc
    printf6.o(i.__0vfprintf$6) refers to printf6.o(i._printf_core) for _printf_core
    printf6.o(i.__0vfprintf$6) refers to retarget.o(.text) for fputc
    printf6.o(i.__0vprintf$6) refers to printf6.o(i._printf_core) for _printf_core
    printf6.o(i.__0vprintf$6) refers to retarget.o(.text) for fputc
    printf6.o(i.__0vprintf$6) refers to retarget.o(.data) for __stdout
    printf6.o(i.__0vsnprintf$6) refers to printf6.o(i._printf_core) for _printf_core
    printf6.o(i.__0vsnprintf$6) refers to printf6.o(i._snputc) for _snputc
    printf6.o(i.__0vsprintf$6) refers to printf6.o(i._printf_core) for _printf_core
    printf6.o(i.__0vsprintf$6) refers to printf6.o(i._sputc) for _sputc
    printf6.o(i._printf_core) refers to printf6.o(i._printf_pre_padding) for _printf_pre_padding
    printf6.o(i._printf_core) refers to uidiv.o(.text) for __aeabi_uidivmod
    printf6.o(i._printf_core) refers to printf6.o(i._printf_post_padding) for _printf_post_padding
    printf7.o(i.__0fprintf$7) refers to printf7.o(i._printf_core) for _printf_core
    printf7.o(i.__0fprintf$7) refers to retarget.o(.text) for fputc
    printf7.o(i.__0printf$7) refers to printf7.o(i._printf_core) for _printf_core
    printf7.o(i.__0printf$7) refers to retarget.o(.text) for fputc
    printf7.o(i.__0printf$7) refers to retarget.o(.data) for __stdout
    printf7.o(i.__0snprintf$7) refers to printf7.o(i._printf_core) for _printf_core
    printf7.o(i.__0snprintf$7) refers to printf7.o(i._snputc) for _snputc
    printf7.o(i.__0sprintf$7) refers to printf7.o(i._printf_core) for _printf_core
    printf7.o(i.__0sprintf$7) refers to printf7.o(i._sputc) for _sputc
    printf7.o(i.__0vfprintf$7) refers to printf7.o(i._printf_core) for _printf_core
    printf7.o(i.__0vfprintf$7) refers to retarget.o(.text) for fputc
    printf7.o(i.__0vprintf$7) refers to printf7.o(i._printf_core) for _printf_core
    printf7.o(i.__0vprintf$7) refers to retarget.o(.text) for fputc
    printf7.o(i.__0vprintf$7) refers to retarget.o(.data) for __stdout
    printf7.o(i.__0vsnprintf$7) refers to printf7.o(i._printf_core) for _printf_core
    printf7.o(i.__0vsnprintf$7) refers to printf7.o(i._snputc) for _snputc
    printf7.o(i.__0vsprintf$7) refers to printf7.o(i._printf_core) for _printf_core
    printf7.o(i.__0vsprintf$7) refers to printf7.o(i._sputc) for _sputc
    printf7.o(i._printf_core) refers to printf7.o(i._printf_pre_padding) for _printf_pre_padding
    printf7.o(i._printf_core) refers to uldiv.o(.text) for __aeabi_uldivmod
    printf7.o(i._printf_core) refers to printf7.o(i._printf_post_padding) for _printf_post_padding
    printf8.o(i.__0fprintf$8) refers to printf8.o(i._printf_core) for _printf_core
    printf8.o(i.__0fprintf$8) refers to retarget.o(.text) for fputc
    printf8.o(i.__0printf$8) refers to printf8.o(i._printf_core) for _printf_core
    printf8.o(i.__0printf$8) refers to retarget.o(.text) for fputc
    printf8.o(i.__0printf$8) refers to retarget.o(.data) for __stdout
    printf8.o(i.__0snprintf$8) refers to printf8.o(i._printf_core) for _printf_core
    printf8.o(i.__0snprintf$8) refers to printf8.o(i._snputc) for _snputc
    printf8.o(i.__0sprintf$8) refers to printf8.o(i._printf_core) for _printf_core
    printf8.o(i.__0sprintf$8) refers to printf8.o(i._sputc) for _sputc
    printf8.o(i.__0vfprintf$8) refers to printf8.o(i._printf_core) for _printf_core
    printf8.o(i.__0vfprintf$8) refers to retarget.o(.text) for fputc
    printf8.o(i.__0vprintf$8) refers to printf8.o(i._printf_core) for _printf_core
    printf8.o(i.__0vprintf$8) refers to retarget.o(.text) for fputc
    printf8.o(i.__0vprintf$8) refers to retarget.o(.data) for __stdout
    printf8.o(i.__0vsnprintf$8) refers to printf8.o(i._printf_core) for _printf_core
    printf8.o(i.__0vsnprintf$8) refers to printf8.o(i._snputc) for _snputc
    printf8.o(i.__0vsprintf$8) refers to printf8.o(i._printf_core) for _printf_core
    printf8.o(i.__0vsprintf$8) refers to printf8.o(i._sputc) for _sputc
    printf8.o(i._printf_core) refers to printf8.o(i._printf_pre_padding) for _printf_pre_padding
    printf8.o(i._printf_core) refers to uldiv.o(.text) for __aeabi_uldivmod
    printf8.o(i._printf_core) refers to printf8.o(i._printf_post_padding) for _printf_post_padding
    printfa.o(i.__0fprintf) refers (Special) to iusefp.o(.text) for __I$use$fp
    printfa.o(i.__0fprintf) refers to printfa.o(i._printf_core) for _printf_core
    printfa.o(i.__0fprintf) refers to retarget.o(.text) for fputc
    printfa.o(i.__0printf) refers (Special) to iusefp.o(.text) for __I$use$fp
    printfa.o(i.__0printf) refers to printfa.o(i._printf_core) for _printf_core
    printfa.o(i.__0printf) refers to retarget.o(.text) for fputc
    printfa.o(i.__0printf) refers to retarget.o(.data) for __stdout
    printfa.o(i.__0snprintf) refers (Special) to iusefp.o(.text) for __I$use$fp
    printfa.o(i.__0snprintf) refers to printfa.o(i._printf_core) for _printf_core
    printfa.o(i.__0snprintf) refers to printfa.o(i._snputc) for _snputc
    printfa.o(i.__0sprintf) refers (Special) to iusefp.o(.text) for __I$use$fp
    printfa.o(i.__0sprintf) refers to printfa.o(i._printf_core) for _printf_core
    printfa.o(i.__0sprintf) refers to printfa.o(i._sputc) for _sputc
    printfa.o(i.__0vfprintf) refers (Special) to iusefp.o(.text) for __I$use$fp
    printfa.o(i.__0vfprintf) refers to printfa.o(i._printf_core) for _printf_core
    printfa.o(i.__0vfprintf) refers to retarget.o(.text) for fputc
    printfa.o(i.__0vprintf) refers (Special) to iusefp.o(.text) for __I$use$fp
    printfa.o(i.__0vprintf) refers to printfa.o(i._printf_core) for _printf_core
    printfa.o(i.__0vprintf) refers to retarget.o(.text) for fputc
    printfa.o(i.__0vprintf) refers to retarget.o(.data) for __stdout
    printfa.o(i.__0vsnprintf) refers (Special) to iusefp.o(.text) for __I$use$fp
    printfa.o(i.__0vsnprintf) refers to printfa.o(i._printf_core) for _printf_core
    printfa.o(i.__0vsnprintf) refers to printfa.o(i._snputc) for _snputc
    printfa.o(i.__0vsprintf) refers (Special) to iusefp.o(.text) for __I$use$fp
    printfa.o(i.__0vsprintf) refers to printfa.o(i._printf_core) for _printf_core
    printfa.o(i.__0vsprintf) refers to printfa.o(i._sputc) for _sputc
    printfa.o(i._fp_digits) refers (Special) to iusefp.o(.text) for __I$use$fp
    printfa.o(i._fp_digits) refers to dmul.o(.text) for __aeabi_dmul
    printfa.o(i._fp_digits) refers to ddiv.o(.text) for __aeabi_ddiv
    printfa.o(i._fp_digits) refers to cdrcmple.o(.text) for __aeabi_cdrcmple
    printfa.o(i._fp_digits) refers to dadd.o(.text) for __aeabi_dadd
    printfa.o(i._fp_digits) refers to dfixul.o(.text) for __aeabi_d2ulz
    printfa.o(i._fp_digits) refers to uldiv.o(.text) for __aeabi_uldivmod
    printfa.o(i._printf_core) refers (Special) to iusefp.o(.text) for __I$use$fp
    printfa.o(i._printf_core) refers to printfa.o(i._printf_pre_padding) for _printf_pre_padding
    printfa.o(i._printf_core) refers to uldiv.o(.text) for __aeabi_uldivmod
    printfa.o(i._printf_core) refers to printfa.o(i._printf_post_padding) for _printf_post_padding
    printfa.o(i._printf_core) refers to printfa.o(i._fp_digits) for _fp_digits
    printfa.o(i._printf_core) refers to uidiv.o(.text) for __aeabi_uidivmod
    printfa.o(i._printf_post_padding) refers (Special) to iusefp.o(.text) for __I$use$fp
    printfa.o(i._printf_pre_padding) refers (Special) to iusefp.o(.text) for __I$use$fp
    printfa.o(i._snputc) refers (Special) to iusefp.o(.text) for __I$use$fp
    printfa.o(i._sputc) refers (Special) to iusefp.o(.text) for __I$use$fp
    fadd.o(.text) refers (Special) to iusefp.o(.text) for __I$use$fp
    fadd.o(.text) refers to fepilogue.o(.text) for _float_epilogue
    fmul.o(.text) refers (Special) to iusefp.o(.text) for __I$use$fp
    fdiv.o(.text) refers (Special) to iusefp.o(.text) for __I$use$fp
    fdiv.o(.text) refers to fepilogue.o(.text) for _float_round
    dadd.o(.text) refers (Special) to iusefp.o(.text) for __I$use$fp
    dadd.o(.text) refers to llshl.o(.text) for __aeabi_llsl
    dadd.o(.text) refers to llsshr.o(.text) for __aeabi_lasr
    dadd.o(.text) refers to depilogue.o(.text) for _double_epilogue
    ddiv.o(.text) refers (Special) to iusefp.o(.text) for __I$use$fp
    ddiv.o(.text) refers to depilogue.o(.text) for _double_round
    fflti.o(.text) refers (Special) to iusefp.o(.text) for __I$use$fp
    fflti.o(.text) refers to fepilogue.o(.text) for _float_epilogue
    ffltui.o(.text) refers (Special) to iusefp.o(.text) for __I$use$fp
    ffltui.o(.text) refers to fepilogue.o(.text) for _float_epilogue
    f2d.o(.text) refers (Special) to iusefp.o(.text) for __I$use$fp
    d2f.o(.text) refers (Special) to iusefp.o(.text) for __I$use$fp
    d2f.o(.text) refers to fepilogue.o(.text) for _float_round
    cfcmple.o(.text) refers (Special) to iusefp.o(.text) for __I$use$fp
    cfrcmple.o(.text) refers (Special) to iusefp.o(.text) for __I$use$fp
    fpclassifyf.o(i.__ARM_fpclassifyf) refers (Special) to iusefp.o(.text) for __I$use$fp
    funder.o(i.__mathlib_flt_underflow) refers to fscalb.o(.text) for __ARM_scalbnf
    entry2.o(.ARM.Collect$$$$00000001) refers to entry2.o(.ARM.Collect$$$$00002712) for __lit__00000000
    entry2.o(.ARM.Collect$$$$00002712) refers to startup_lpc17xx.o(STACK) for __initial_sp
    entry2.o(__vectab_stack_and_reset_area) refers to startup_lpc17xx.o(STACK) for __initial_sp
    entry2.o(__vectab_stack_and_reset_area) refers to entry.o(.ARM.Collect$$$$00000000) for __main
    entry5.o(.ARM.Collect$$$$00000004) refers to init.o(.text) for __scatterload
    entry8.o(.ARM.Collect$$$$00000009) refers to p4_main.o(.text) for main
    errno.o(i.__aeabi_errno_addr) refers to errno.o(.data) for .data
    errno.o(i.__read_errno) refers to errno.o(.data) for .data
    errno.o(i.__set_errno) refers to errno.o(.data) for .data
    fsqrt.o(.text) refers to fepilogue.o(.text) for _float_round
    depilogue.o(.text) refers to llshl.o(.text) for __aeabi_llsl
    depilogue.o(.text) refers to llushr.o(.text) for __aeabi_llsr
    dmul.o(.text) refers to depilogue.o(.text) for _double_epilogue
    dfixul.o(.text) refers to llushr.o(.text) for __aeabi_llsr
    dfixul.o(.text) refers to llshl.o(.text) for __aeabi_llsl
    init.o(.text) refers to entry5.o(.ARM.Collect$$$$00000004) for __main_after_scatterload
    glcd_scroll.o(i.last_line) refers to glcd_scroll.o(.data) for cache_start
    glcd_scroll.o(i.last_window_line) refers to glcd_scroll.o(.data) for window_start


==============================================================================

Removing Unused input sections from the image.

    Removing startup_lpc17xx.o(HEAP), (8192 bytes).
    Removing ece_spi.o(.rev16_text), (4 bytes).
    Removing ece_spi.o(.revsh_text), (4 bytes).
    Removing ece_spi.o(.text), (252 bytes).
    Removing glcd_scroll.o(.rev16_text), (4 bytes).
    Removing glcd_scroll.o(.revsh_text), (4 bytes).
    Removing glcd_scroll.o(.text), (852 bytes).
    Removing glcd_scroll.o(.bss), (525 bytes).
    Removing glcd_scroll.o(.data), (20 bytes).
    Removing glcd_spi_lpc1700.o(.rev16_text), (4 bytes).
    Removing glcd_spi_lpc1700.o(.revsh_text), (4 bytes).
    Removing joystick.o(.rev16_text), (4 bytes).
    Removing joystick.o(.revsh_text), (4 bytes).
    Removing joystick.o(.text), (88 bytes).
    Removing led.o(.rev16_text), (4 bytes).
    Removing led.o(.revsh_text), (4 bytes).
    Removing mpu9250.o(.text), (2856 bytes).
    Removing mpu9250.o(.bss), (84 bytes).
    Removing mpu9250.o(.constdata), (34 bytes).
    Removing mpu9250.o(.data), (20 bytes).
    Removing potentiometer.o(.rev16_text), (4 bytes).
    Removing potentiometer.o(.revsh_text), (4 bytes).
    Removing rtx_config.o(.text), (10 bytes).
    Removing rtx_config.o(.bss), (4060 bytes).
    Removing rtx_config.o(.data), (4 bytes).
    Removing sensor_fusion.o(.text), (3624 bytes).
    Removing sensor_fusion.o(.data), (53 bytes).
    Removing timer.o(.rev16_text), (4 bytes).
    Removing timer.o(.revsh_text), (4 bytes).
    Removing timer.o(.text), (72 bytes).
    Removing uart.o(.rev16_text), (4 bytes).
    Removing uart.o(.revsh_text), (4 bytes).
    Removing p4_main.o(.rev16_text), (4 bytes).
    Removing p4_main.o(.revsh_text), (4 bytes).
    Removing system_lpc17xx.o(.rev16_text), (4 bytes).
    Removing system_lpc17xx.o(.revsh_text), (4 bytes).
    Removing fadd.o(.text), (176 bytes).
    Removing fmul.o(.text), (108 bytes).
    Removing fdiv.o(.text), (128 bytes).
    Removing dadd.o(.text), (334 bytes).
    Removing ddiv.o(.text), (222 bytes).
    Removing fflti.o(.text), (18 bytes).
    Removing ffltui.o(.text), (10 bytes).
    Removing f2d.o(.text), (38 bytes).
    Removing d2f.o(.text), (56 bytes).
    Removing cfcmple.o(.text), (20 bytes).
    Removing cfrcmple.o(.text), (20 bytes).
    Removing fepilogue.o(.text), (108 bytes).
    Removing fscalb.o(.text), (24 bytes).
    Removing fsqrt.o(.text), (94 bytes).
    Removing depilogue.o(.text), (190 bytes).
    Removing dmul.o(.text), (228 bytes).
    Removing dfixul.o(.text), (48 bytes).
    Removing cdrcmple.o(.text), (40 bytes).
    Removing glcd_scroll.o(i.last_line), (32 bytes).
    Removing glcd_scroll.o(i.last_window_line), (32 bytes).

56 unused section(s) (total 22752 bytes) removed from the image.

==============================================================================

Image Symbol Table

    Local Symbols

    Symbol Name                              Value     Ov Type        Size  Object(Section)

    RESET                                    0x00000000   Section      204  startup_lpc17xx.o(RESET)
    ../clib/../cmprslib/zerorunl2.c          0x00000000   Number         0  __dczerorl2.o ABSOLUTE
    ../clib/microlib/division.c              0x00000000   Number         0  uidiv.o ABSOLUTE
    ../clib/microlib/division.c              0x00000000   Number         0  uldiv.o ABSOLUTE
    ../clib/microlib/errno.c                 0x00000000   Number         0  errno.o ABSOLUTE
    ../clib/microlib/init/entry.s            0x00000000   Number         0  entry8.o ABSOLUTE
    ../clib/microlib/init/entry.s            0x00000000   Number         0  entry.o ABSOLUTE
    ../clib/microlib/init/entry.s            0x00000000   Number         0  entry7b.o ABSOLUTE
    ../clib/microlib/init/entry.s            0x00000000   Number         0  entry7a.o ABSOLUTE
    ../clib/microlib/init/entry.s            0x00000000   Number         0  entry5.o ABSOLUTE
    ../clib/microlib/init/entry.s            0x00000000   Number         0  entry2.o ABSOLUTE
    ../clib/microlib/longlong.c              0x00000000   Number         0  llsshr.o ABSOLUTE
    ../clib/microlib/longlong.c              0x00000000   Number         0  llushr.o ABSOLUTE
    ../clib/microlib/longlong.c              0x00000000   Number         0  llshl.o ABSOLUTE
    ../clib/microlib/printf/printf.c         0x00000000   Number         0  printfa.o ABSOLUTE
    ../clib/microlib/printf/printf.c         0x00000000   Number         0  printf6.o ABSOLUTE
    ../clib/microlib/printf/printf.c         0x00000000   Number         0  printfb.o ABSOLUTE
    ../clib/microlib/printf/printf.c         0x00000000   Number         0  printf0.o ABSOLUTE
    ../clib/microlib/printf/printf.c         0x00000000   Number         0  printf1.o ABSOLUTE
    ../clib/microlib/printf/printf.c         0x00000000   Number         0  printf2.o ABSOLUTE
    ../clib/microlib/printf/printf.c         0x00000000   Number         0  printf3.o ABSOLUTE
    ../clib/microlib/printf/printf.c         0x00000000   Number         0  printf4.o ABSOLUTE
    ../clib/microlib/printf/printf.c         0x00000000   Number         0  printf5.o ABSOLUTE
    ../clib/microlib/printf/printf.c         0x00000000   Number         0  printf7.o ABSOLUTE
    ../clib/microlib/printf/printf.c         0x00000000   Number         0  printf8.o ABSOLUTE
    ../clib/microlib/printf/stubs.s          0x00000000   Number         0  stubs.o ABSOLUTE
    ../clib/microlib/string/memcpy.c         0x00000000   Number         0  memcpya.o ABSOLUTE
    ../clib/microlib/string/memcpy.c         0x00000000   Number         0  memcpyb.o ABSOLUTE
    ../clib/microlib/stubs.s                 0x00000000   Number         0  iusefp.o ABSOLUTE
    ../fplib/microlib/d2f.c                  0x00000000   Number         0  d2f.o ABSOLUTE
    ../fplib/microlib/f2d.c                  0x00000000   Number         0  f2d.o ABSOLUTE
    ../fplib/microlib/fpadd.c                0x00000000   Number         0  dadd.o ABSOLUTE
    ../fplib/microlib/fpadd.c                0x00000000   Number         0  fadd.o ABSOLUTE
    ../fplib/microlib/fpdiv.c                0x00000000   Number         0  fdiv.o ABSOLUTE
    ../fplib/microlib/fpdiv.c                0x00000000   Number         0  ddiv.o ABSOLUTE
    ../fplib/microlib/fpepilogue.c           0x00000000   Number         0  depilogue.o ABSOLUTE
    ../fplib/microlib/fpepilogue.c           0x00000000   Number         0  fepilogue.o ABSOLUTE
    ../fplib/microlib/fpfix.c                0x00000000   Number         0  dfixul.o ABSOLUTE
    ../fplib/microlib/fpflt.c                0x00000000   Number         0  fflti.o ABSOLUTE
    ../fplib/microlib/fpflt.c                0x00000000   Number         0  ffltui.o ABSOLUTE
    ../fplib/microlib/fpmul.c                0x00000000   Number         0  fmul.o ABSOLUTE
    ../fplib/microlib/fpmul.c                0x00000000   Number         0  dmul.o ABSOLUTE
    ../fplib/microlib/fpscalb.c              0x00000000   Number         0  fscalb.o ABSOLUTE
    ../fplib/microlib/fpsqrt.c               0x00000000   Number         0  fsqrt.o ABSOLUTE
    ../mathlib/asinf.c                       0x00000000   Number         0  asinf_x.o ABSOLUTE
    ../mathlib/asinf.c                       0x00000000   Number         0  asinf.o ABSOLUTE
    ../mathlib/atan2f.c                      0x00000000   Number         0  atan2f.o ABSOLUTE
    ../mathlib/atan2f.c                      0x00000000   Number         0  atan2f_x.o ABSOLUTE
    ../mathlib/fpclassifyf.c                 0x00000000   Number         0  fpclassifyf.o ABSOLUTE
    ../mathlib/funder.c                      0x00000000   Number         0  funder.o ABSOLUTE
    ../mathlib/sqrtf.c                       0x00000000   Number         0  sqrtf.o ABSOLUTE
    ../mathlib/sqrtf.c                       0x00000000   Number         0  sqrtf_x.o ABSOLUTE
    C:\Software\Keil\ARM\Startup\NXP\LPC17xx\system_LPC17xx.c 0x00000000   Number         0  system_lpc17xx.o ABSOLUTE
    C:\\Software\\Keil\\ARM\\Startup\\NXP\\LPC17xx\\system_LPC17xx.c 0x00000000   Number         0  system_lpc17xx.o ABSOLUTE
    GLCD_SPI_LPC1700.c                       0x00000000   Number         0  glcd_spi_lpc1700.o ABSOLUTE
    GLCD_SPI_LPC1700.c                       0x00000000   Number         0  glcd_spi_lpc1700.o ABSOLUTE
    GLCD_Scroll.c                            0x00000000   Number         0  glcd_scroll.o ABSOLUTE
    GLCD_Scroll.c                            0x00000000   Number         0  glcd_scroll.o ABSOLUTE
    MPU9250.c                                0x00000000   Number         0  mpu9250.o ABSOLUTE
    RTX_config.c                             0x00000000   Number         0  rtx_config.o ABSOLUTE
    Retarget.c                               0x00000000   Number         0  retarget.o ABSOLUTE
    bitmaps.c                                0x00000000   Number         0  bitmaps.o ABSOLUTE
    cdrcmple.s                               0x00000000   Number         0  cdrcmple.o ABSOLUTE
    cfcmple.s                                0x00000000   Number         0  cfcmple.o ABSOLUTE
    cfrcmple.s                               0x00000000   Number         0  cfrcmple.o ABSOLUTE
    dc.s                                     0x00000000   Number         0  dc.o ABSOLUTE
    ece_spi.c                                0x00000000   Number         0  ece_spi.o ABSOLUTE
    ece_spi.c                                0x00000000   Number         0  ece_spi.o ABSOLUTE
    handlers.s                               0x00000000   Number         0  handlers.o ABSOLUTE
    init.s                                   0x00000000   Number         0  init.o ABSOLUTE
    joystick.c                               0x00000000   Number         0  joystick.o ABSOLUTE
    joystick.c                               0x00000000   Number         0  joystick.o ABSOLUTE
    led.c                                    0x00000000   Number         0  led.o ABSOLUTE
    led.c                                    0x00000000   Number         0  led.o ABSOLUTE
    p4_main.c                                0x00000000   Number         0  p4_main.o ABSOLUTE
    p4_main.c                                0x00000000   Number         0  p4_main.o ABSOLUTE
    potentiometer.c                          0x00000000   Number         0  potentiometer.o ABSOLUTE
    potentiometer.c                          0x00000000   Number         0  potentiometer.o ABSOLUTE
    sensor_fusion.c                          0x00000000   Number         0  sensor_fusion.o ABSOLUTE
    startup_LPC17xx.s                        0x00000000   Number         0  startup_lpc17xx.o ABSOLUTE
    timer.c                                  0x00000000   Number         0  timer.o ABSOLUTE
    timer.c                                  0x00000000   Number         0  timer.o ABSOLUTE
    uart.c                                   0x00000000   Number         0  uart.o ABSOLUTE
    uart.c                                   0x00000000   Number         0  uart.o ABSOLUTE
    .ARM.Collect$$$$00000000                 0x000000cc   Section        0  entry.o(.ARM.Collect$$$$00000000)
    .ARM.Collect$$$$00000001                 0x000000cc   Section        4  entry2.o(.ARM.Collect$$$$00000001)
    .ARM.Collect$$$$00000004                 0x000000d0   Section        4  entry5.o(.ARM.Collect$$$$00000004)
    .ARM.Collect$$$$00000008                 0x000000d4   Section        0  entry7b.o(.ARM.Collect$$$$00000008)
    .ARM.Collect$$$$00000009                 0x000000d4   Section        8  entry8.o(.ARM.Collect$$$$00000009)
    .ARM.Collect$$$$00002712                 0x000000dc   Section        4  entry2.o(.ARM.Collect$$$$00002712)
    __lit__00000000                          0x000000dc   Data           4  entry2.o(.ARM.Collect$$$$00002712)
    .text                                    0x000000e0   Section       36  startup_lpc17xx.o(.text)
    .text                                    0x00000104   Section        0  led.o(.text)
    .text                                    0x00000188   Section        0  potentiometer.o(.text)
    .text                                    0x000001f0   Section        0  retarget.o(.text)
    .text                                    0x00000290   Section        0  uldiv.o(.text)
    i.__scatterload_null                     0x000002f2   Section        2  handlers.o(i.__scatterload_null)
    .constdata                               0x000002f4   Section        8  led.o(.constdata)
    .ARM.__at_0x02FC                         0x000002fc   Section        4  startup_lpc17xx.o(.ARM.__at_0x02FC)
    .text                                    0x00000300   Section        0  glcd_spi_lpc1700.o(.text)
    delay                                    0x00000301   Thumb Code    14  glcd_spi_lpc1700.o(.text)
    spi_tran_man                             0x0000030f   Thumb Code   124  glcd_spi_lpc1700.o(.text)
    wr_cmd                                   0x0000038b   Thumb Code    36  glcd_spi_lpc1700.o(.text)
    wr_dat                                   0x000003af   Thumb Code    36  glcd_spi_lpc1700.o(.text)
    rd_reg                                   0x000003d3   Thumb Code    66  glcd_spi_lpc1700.o(.text)
    rd_id_man                                0x00000415   Thumb Code   132  glcd_spi_lpc1700.o(.text)
    spi_tran                                 0x00000e95   Thumb Code    26  glcd_spi_lpc1700.o(.text)
    wr_dat_start                             0x00000eaf   Thumb Code    16  glcd_spi_lpc1700.o(.text)
    wr_dat_stop                              0x00000ebf   Thumb Code     8  glcd_spi_lpc1700.o(.text)
    wr_dat_only                              0x00000ec7   Thumb Code    18  glcd_spi_lpc1700.o(.text)
    wr_reg                                   0x00000ed9   Thumb Code    20  glcd_spi_lpc1700.o(.text)
    .text                                    0x00000f08   Section        0  uart.o(.text)
    NVIC_EnableIRQ                           0x00001261   Thumb Code    24  uart.o(.text)
    .text                                    0x000012b4   Section        0  p4_main.o(.text)
    .text                                    0x000013a0   Section        0  system_lpc17xx.o(.text)
    .text                                    0x000016b8   Section        0  uidiv.o(.text)
    .text                                    0x000016e4   Section        0  llshl.o(.text)
    .text                                    0x00001702   Section        0  llushr.o(.text)
    .text                                    0x00001724   Section       36  init.o(.text)
    .text                                    0x00001748   Section        0  __dczerorl2.o(.text)
    i.__0printf$1                            0x000017a4   Section        0  printf1.o(i.__0printf$1)
    i.__scatterload_copy                     0x000017c4   Section       14  handlers.o(i.__scatterload_copy)
    i.__scatterload_zeroinit                 0x000017d2   Section       14  handlers.o(i.__scatterload_zeroinit)
    i._printf_core                           0x000017e0   Section        0  printf1.o(i._printf_core)
    _printf_core                             0x000017e1   Thumb Code   334  printf1.o(i._printf_core)
    .constdata                               0x00001934   Section     6272  glcd_spi_lpc1700.o(.constdata)
    .constdata                               0x000031b4   Section       40  rtx_config.o(.constdata)
    __tagsym$$used                           0x000031c8   Number         0  rtx_config.o(.constdata)
    __tagsym$$used                           0x000031cc   Number         0  rtx_config.o(.constdata)
    .data                                    0x10000000   Section        9  glcd_spi_lpc1700.o(.data)
    Color                                    0x10000000   Data           4  glcd_spi_lpc1700.o(.data)
    y                                        0x10000004   Data           4  glcd_spi_lpc1700.o(.data)
    Himax                                    0x10000008   Data           1  glcd_spi_lpc1700.o(.data)
    .data                                    0x1000000c   Section       12  retarget.o(.data)
    .data                                    0x10000018   Section       32  uart.o(.data)
    .data                                    0x10000038   Section        8  p4_main.o(.data)
    .data                                    0x10000040   Section     2136  bitmaps.o(.data)
    .data                                    0x10000898   Section        4  system_lpc17xx.o(.data)
    .bss                                     0x1000089c   Section      128  uart.o(.bss)
    STACK                                    0x10000920   Section     8192  startup_lpc17xx.o(STACK)

    Global Symbols

    Symbol Name                              Value     Ov Type        Size  Object(Section)

    BuildAttributes$$THM_ISAv4$P$D$K$B$S$PE$A:L22UL41UL21$X:L11$S22US41US21$IEEE1$IW$USESV6$~STKCKD$USESV7$~SHL$OTIME$ROPI$IEEEX$EBA8$MICROLIB$REQ8$PRES8$EABIv2 0x00000000   Number         0  anon$$obj.o ABSOLUTE
    __ARM_use_no_argv                        0x00000000   Number         0  p4_main.o ABSOLUTE
    __Vectors                                0x00000000   Data           4  startup_lpc17xx.o(RESET)
    _printf_a                                0x00000000   Number         0  stubs.o ABSOLUTE
    _printf_c                                0x00000000   Number         0  stubs.o ABSOLUTE
    _printf_charcount                        0x00000000   Number         0  stubs.o ABSOLUTE
    _printf_d                                0x00000000   Number         0  stubs.o ABSOLUTE
    _printf_e                                0x00000000   Number         0  stubs.o ABSOLUTE
    _printf_f                                0x00000000   Number         0  stubs.o ABSOLUTE
    _printf_flags                            0x00000000   Number         0  stubs.o ABSOLUTE
    _printf_fp_dec                           0x00000000   Number         0  stubs.o ABSOLUTE
    _printf_fp_hex                           0x00000000   Number         0  stubs.o ABSOLUTE
    _printf_g                                0x00000000   Number         0  stubs.o ABSOLUTE
    _printf_i                                0x00000000   Number         0  stubs.o ABSOLUTE
    _printf_int_dec                          0x00000000   Number         0  stubs.o ABSOLUTE
    _printf_l                                0x00000000   Number         0  stubs.o ABSOLUTE
    _printf_lc                               0x00000000   Number         0  stubs.o ABSOLUTE
    _printf_ll                               0x00000000   Number         0  stubs.o ABSOLUTE
    _printf_lld                              0x00000000   Number         0  stubs.o ABSOLUTE
    _printf_lli                              0x00000000   Number         0  stubs.o ABSOLUTE
    _printf_llo                              0x00000000   Number         0  stubs.o ABSOLUTE
    _printf_llu                              0x00000000   Number         0  stubs.o ABSOLUTE
    _printf_llx                              0x00000000   Number         0  stubs.o ABSOLUTE
    _printf_longlong_dec                     0x00000000   Number         0  stubs.o ABSOLUTE
    _printf_longlong_hex                     0x00000000   Number         0  stubs.o ABSOLUTE
    _printf_longlong_oct                     0x00000000   Number         0  stubs.o ABSOLUTE
    _printf_ls                               0x00000000   Number         0  stubs.o ABSOLUTE
    _printf_mbtowc                           0x00000000   Number         0  stubs.o ABSOLUTE
    _printf_n                                0x00000000   Number         0  stubs.o ABSOLUTE
    _printf_o                                0x00000000   Number         0  stubs.o ABSOLUTE
    _printf_p                                0x00000000   Number         0  stubs.o ABSOLUTE
    _printf_percent                          0x00000000   Number         0  stubs.o ABSOLUTE
    _printf_pre_padding                      0x00000000   Number         0  stubs.o ABSOLUTE
    _printf_return_value                     0x00000000   Number         0  stubs.o ABSOLUTE
    _printf_s                                0x00000000   Number         0  stubs.o ABSOLUTE
    _printf_sizespec                         0x00000000   Number         0  stubs.o ABSOLUTE
    _printf_str                              0x00000000   Number         0  stubs.o ABSOLUTE
    _printf_truncate_signed                  0x00000000   Number         0  stubs.o ABSOLUTE
    _printf_truncate_unsigned                0x00000000   Number         0  stubs.o ABSOLUTE
    _printf_u                                0x00000000   Number         0  stubs.o ABSOLUTE
    _printf_wc                               0x00000000   Number         0  stubs.o ABSOLUTE
    _printf_wctomb                           0x00000000   Number         0  stubs.o ABSOLUTE
    _printf_widthprec                        0x00000000   Number         0  stubs.o ABSOLUTE
    _printf_x                                0x00000000   Number         0  stubs.o ABSOLUTE
    _clock_init                               - Undefined Weak Reference
    __main                                   0x000000cd   Thumb Code     0  entry.o(.ARM.Collect$$$$00000000)
    _main_stk                                0x000000cd   Thumb Code     0  entry2.o(.ARM.Collect$$$$00000001)
    _main_scatterload                        0x000000d1   Thumb Code     0  entry5.o(.ARM.Collect$$$$00000004)
    __main_after_scatterload                 0x000000d5   Thumb Code     0  entry5.o(.ARM.Collect$$$$00000004)
    _main_clock                              0x000000d5   Thumb Code     0  entry7b.o(.ARM.Collect$$$$00000008)
    _main_init                               0x000000d5   Thumb Code     0  entry8.o(.ARM.Collect$$$$00000009)
    Reset_Handler                            0x000000e1   Thumb Code     8  startup_lpc17xx.o(.text)
    NMI_Handler                              0x000000e9   Thumb Code     2  startup_lpc17xx.o(.text)
    HardFault_Handler                        0x000000eb   Thumb Code     2  startup_lpc17xx.o(.text)
    MemManage_Handler                        0x000000ed   Thumb Code     2  startup_lpc17xx.o(.text)
    BusFault_Handler                         0x000000ef   Thumb Code     2  startup_lpc17xx.o(.text)
    UsageFault_Handler                       0x000000f1   Thumb Code     2  startup_lpc17xx.o(.text)
    SVC_Handler                              0x000000f3   Thumb Code     2  startup_lpc17xx.o(.text)
    DebugMon_Handler                         0x000000f5   Thumb Code     2  startup_lpc17xx.o(.text)
    PendSV_Handler                           0x000000f7   Thumb Code     2  startup_lpc17xx.o(.text)
    SysTick_Handler                          0x000000f9   Thumb Code     2  startup_lpc17xx.o(.text)
    ADC_IRQHandler                           0x000000fb   Thumb Code     0  startup_lpc17xx.o(.text)
    BOD_IRQHandler                           0x000000fb   Thumb Code     0  startup_lpc17xx.o(.text)
    CANActivity_IRQHandler                   0x000000fb   Thumb Code     0  startup_lpc17xx.o(.text)
    CAN_IRQHandler                           0x000000fb   Thumb Code     0  startup_lpc17xx.o(.text)
    DMA_IRQHandler                           0x000000fb   Thumb Code     0  startup_lpc17xx.o(.text)
    EINT0_IRQHandler                         0x000000fb   Thumb Code     0  startup_lpc17xx.o(.text)
    EINT1_IRQHandler                         0x000000fb   Thumb Code     0  startup_lpc17xx.o(.text)
    EINT2_IRQHandler                         0x000000fb   Thumb Code     0  startup_lpc17xx.o(.text)
    EINT3_IRQHandler                         0x000000fb   Thumb Code     0  startup_lpc17xx.o(.text)
    ENET_IRQHandler                          0x000000fb   Thumb Code     0  startup_lpc17xx.o(.text)
    I2C0_IRQHandler                          0x000000fb   Thumb Code     0  startup_lpc17xx.o(.text)
    I2C1_IRQHandler                          0x000000fb   Thumb Code     0  startup_lpc17xx.o(.text)
    I2C2_IRQHandler                          0x000000fb   Thumb Code     0  startup_lpc17xx.o(.text)
    I2S_IRQHandler                           0x000000fb   Thumb Code     0  startup_lpc17xx.o(.text)
    MCPWM_IRQHandler                         0x000000fb   Thumb Code     0  startup_lpc17xx.o(.text)
    PLL0_IRQHandler                          0x000000fb   Thumb Code     0  startup_lpc17xx.o(.text)
    PLL1_IRQHandler                          0x000000fb   Thumb Code     0  startup_lpc17xx.o(.text)
    PWM1_IRQHandler                          0x000000fb   Thumb Code     0  startup_lpc17xx.o(.text)
    QEI_IRQHandler                           0x000000fb   Thumb Code     0  startup_lpc17xx.o(.text)
    RIT_IRQHandler                           0x000000fb   Thumb Code     0  startup_lpc17xx.o(.text)
    RTC_IRQHandler                           0x000000fb   Thumb Code     0  startup_lpc17xx.o(.text)
    SPI_IRQHandler                           0x000000fb   Thumb Code     0  startup_lpc17xx.o(.text)
    SSP0_IRQHandler                          0x000000fb   Thumb Code     0  startup_lpc17xx.o(.text)
    SSP1_IRQHandler                          0x000000fb   Thumb Code     0  startup_lpc17xx.o(.text)
    TIMER0_IRQHandler                        0x000000fb   Thumb Code     0  startup_lpc17xx.o(.text)
    TIMER1_IRQHandler                        0x000000fb   Thumb Code     0  startup_lpc17xx.o(.text)
    TIMER2_IRQHandler                        0x000000fb   Thumb Code     0  startup_lpc17xx.o(.text)
    TIMER3_IRQHandler                        0x000000fb   Thumb Code     0  startup_lpc17xx.o(.text)
    UART2_IRQHandler                         0x000000fb   Thumb Code     0  startup_lpc17xx.o(.text)
    UART3_IRQHandler                         0x000000fb   Thumb Code     0  startup_lpc17xx.o(.text)
    USBActivity_IRQHandler                   0x000000fb   Thumb Code     0  startup_lpc17xx.o(.text)
    USB_IRQHandler                           0x000000fb   Thumb Code     0  startup_lpc17xx.o(.text)
    WDT_IRQHandler                           0x000000fb   Thumb Code     0  startup_lpc17xx.o(.text)
    LED_setup                                0x00000105   Thumb Code    34  led.o(.text)
    LED_set                                  0x00000127   Thumb Code    26  led.o(.text)
    LED_clear                                0x00000141   Thumb Code    26  led.o(.text)
    LED_display                              0x0000015b   Thumb Code    38  led.o(.text)
    potentiometer_setup                      0x00000189   Thumb Code    44  potentiometer.o(.text)
    potentiometer_read                       0x000001b5   Thumb Code    38  potentiometer.o(.text)
    sendchar                                 0x000001f1   Thumb Code    64  retarget.o(.text)
    getkey                                   0x00000231   Thumb Code    32  retarget.o(.text)
    fputc                                    0x00000251   Thumb Code    14  retarget.o(.text)
    fgetc                                    0x0000025f   Thumb Code    20  retarget.o(.text)
    ferror                                   0x00000273   Thumb Code     8  retarget.o(.text)
    _ttywrch                                 0x0000027b   Thumb Code    12  retarget.o(.text)
    _sys_exit                                0x00000287   Thumb Code     4  retarget.o(.text)
    __aeabi_uldivmod                         0x00000291   Thumb Code    98  uldiv.o(.text)
    __scatterload_null                       0x000002f3   Thumb Code     2  handlers.o(i.__scatterload_null)
    led_pos                                  0x000002f4   Data           8  led.o(.constdata)
    GLCD_Init                                0x00000499   Thumb Code  1514  glcd_spi_lpc1700.o(.text)
    GLCD_SetWindow                           0x00000a83   Thumb Code   168  glcd_spi_lpc1700.o(.text)
    GLCD_WindowMax                           0x00000b2b   Thumb Code    26  glcd_spi_lpc1700.o(.text)
    GLCD_PutPixel                            0x00000b45   Thumb Code   118  glcd_spi_lpc1700.o(.text)
    GLCD_SetTextColor                        0x00000bbb   Thumb Code     6  glcd_spi_lpc1700.o(.text)
    GLCD_SetBackColor                        0x00000bc1   Thumb Code     6  glcd_spi_lpc1700.o(.text)
    GLCD_Clear                               0x00000bc7   Thumb Code    42  glcd_spi_lpc1700.o(.text)
    GLCD_DrawChar                            0x00000bf1   Thumb Code   150  glcd_spi_lpc1700.o(.text)
    GLCD_DisplayChar                         0x00000c87   Thumb Code    84  glcd_spi_lpc1700.o(.text)
    GLCD_DisplayString                       0x00000cdb   Thumb Code    40  glcd_spi_lpc1700.o(.text)
    GLCD_ClearLn                             0x00000d03   Thumb Code    94  glcd_spi_lpc1700.o(.text)
    GLCD_Bargraph                            0x00000d61   Thumb Code    98  glcd_spi_lpc1700.o(.text)
    GLCD_Bitmap                              0x00000dc3   Thumb Code    82  glcd_spi_lpc1700.o(.text)
    GLCD_ScrollVertical                      0x00000e15   Thumb Code   100  glcd_spi_lpc1700.o(.text)
    GLCD_WrCmd                               0x00000e79   Thumb Code    12  glcd_spi_lpc1700.o(.text)
    GLCD_WrReg                               0x00000e85   Thumb Code    16  glcd_spi_lpc1700.o(.text)
    Free                                     0x00000f09   Thumb Code     6  uart.o(.text)
    Lock                                     0x00000f0f   Thumb Code    28  uart.o(.text)
    LockRcv                                  0x00000f2b   Thumb Code    28  uart.o(.text)
    LockSnd                                  0x00000f47   Thumb Code    28  uart.o(.text)
    FreeRcv                                  0x00000f63   Thumb Code    28  uart.o(.text)
    FreeSnd                                  0x00000f7f   Thumb Code    28  uart.o(.text)
    UART0_IRQHandler                         0x00000f9b   Thumb Code    86  uart.o(.text)
    UART1_IRQHandler                         0x00000ff1   Thumb Code    88  uart.o(.text)
    getFrequency                             0x00001049   Thumb Code    64  uart.o(.text)
    UARTInit                                 0x00001089   Thumb Code   176  uart.o(.text)
    UARTSend                                 0x00001139   Thumb Code   112  uart.o(.text)
    UARTSendChar                             0x000011a9   Thumb Code    24  uart.o(.text)
    UARTRecieve                              0x000011c1   Thumb Code   134  uart.o(.text)
    UARTReceiveChar                          0x00001247   Thumb Code    26  uart.o(.text)
    initializeGameBoard                      0x000012b5   Thumb Code   134  p4_main.o(.text)
    main                                     0x0000133b   Thumb Code    64  p4_main.o(.text)
    SystemCoreClockUpdate                    0x000013a1   Thumb Code   424  system_lpc17xx.o(.text)
    SystemInit                               0x00001549   Thumb Code   290  system_lpc17xx.o(.text)
    __aeabi_uidiv                            0x000016b9   Thumb Code     0  uidiv.o(.text)
    __aeabi_uidivmod                         0x000016b9   Thumb Code    44  uidiv.o(.text)
    __aeabi_llsl                             0x000016e5   Thumb Code    30  llshl.o(.text)
    _ll_shift_l                              0x000016e5   Thumb Code     0  llshl.o(.text)
    __aeabi_llsr                             0x00001703   Thumb Code    32  llushr.o(.text)
    _ll_ushift_r                             0x00001703   Thumb Code     0  llushr.o(.text)
    __scatterload                            0x00001725   Thumb Code    28  init.o(.text)
    __scatterload_rt2                        0x00001725   Thumb Code     0  init.o(.text)
    __decompress                             0x00001749   Thumb Code     0  __dczerorl2.o(.text)
    __decompress1                            0x00001749   Thumb Code    92  __dczerorl2.o(.text)
    __0printf$1                              0x000017a5   Thumb Code    22  printf1.o(i.__0printf$1)
    __1printf$1                              0x000017a5   Thumb Code     0  printf1.o(i.__0printf$1)
    __2printf                                0x000017a5   Thumb Code     0  printf1.o(i.__0printf$1)
    __scatterload_copy                       0x000017c5   Thumb Code    14  handlers.o(i.__scatterload_copy)
    __scatterload_zeroinit                   0x000017d3   Thumb Code    14  handlers.o(i.__scatterload_zeroinit)
    Font_6x8_h                               0x00001934   Data         896  glcd_spi_lpc1700.o(.constdata)
    Font_16x24_h                             0x00001cb4   Data        5376  glcd_spi_lpc1700.o(.constdata)
    os_maxtaskrun                            0x000031b4   Data           2  rtx_config.o(.constdata)
    os_stackinfo                             0x000031b8   Data           4  rtx_config.o(.constdata)
    os_rrobin                                0x000031bc   Data           4  rtx_config.o(.constdata)
    os_trv                                   0x000031c0   Data           4  rtx_config.o(.constdata)
    os_flags                                 0x000031c4   Data           1  rtx_config.o(.constdata)
    os_clockrate                             0x000031c8   Data           4  rtx_config.o(.constdata)
    os_timernum                              0x000031cc   Data           4  rtx_config.o(.constdata)
    mp_tcb_size                              0x000031d0   Data           2  rtx_config.o(.constdata)
    mp_stk_size                              0x000031d4   Data           4  rtx_config.o(.constdata)
    os_fifo_size                             0x000031d8   Data           1  rtx_config.o(.constdata)
    mp_tmr_size                              0x000031da   Data           2  rtx_config.o(.constdata)
    Region$$Table$$Base                      0x000031dc   Number         0  anon$$obj.o(Region$$Table)
    Region$$Table$$Limit                     0x000031fc   Number         0  anon$$obj.o(Region$$Table)
    uart_init_called                         0x1000000c   Data           1  retarget.o(.data)
    __stdout                                 0x10000010   Data           4  retarget.o(.data)
    __stdin                                  0x10000014   Data           4  retarget.o(.data)
    ITM_RxBuffer                             0x10000018   Data           4  uart.o(.data)
    UART0TxEmpty                             0x1000001c   Data           1  uart.o(.data)
    UART1TxEmpty                             0x1000001d   Data           1  uart.o(.data)
    UART0Count                               0x10000020   Data           4  uart.o(.data)
    UART1Count                               0x10000024   Data           4  uart.o(.data)
    i                                        0x10000028   Data           4  uart.o(.data)
    UART0Status                              0x1000002c   Data           4  uart.o(.data)
    UART1Status                              0x10000030   Data           4  uart.o(.data)
    RcvLock0                                 0x10000034   Data           1  uart.o(.data)
    SndLock0                                 0x10000035   Data           1  uart.o(.data)
    RcvLock1                                 0x10000036   Data           1  uart.o(.data)
    SndLock1                                 0x10000037   Data           1  uart.o(.data)
    newPot                                   0x10000038   Data           4  p4_main.o(.data)
    oldPot                                   0x1000003c   Data           4  p4_main.o(.data)
    bb                                       0x10000040   Data         512  bitmaps.o(.data)
    bs                                       0x10000240   Data         512  bitmaps.o(.data)
    bc                                       0x10000440   Data         512  bitmaps.o(.data)
    board                                    0x10000640   Data         600  bitmaps.o(.data)
    SystemCoreClock                          0x10000898   Data           4  system_lpc17xx.o(.data)
    UART0Buffer                              0x1000089c   Data          64  uart.o(.bss)
    UART1Buffer                              0x100008dc   Data          64  uart.o(.bss)
    __initial_sp                             0x10002920   Data           0  startup_lpc17xx.o(STACK)



==============================================================================

Memory Map of the image

  Image Entry point : 0x000000cd

  Load Region LR_IROM1 (Base: 0x00000000, Size: 0x00003a98, Max: 0x00080000, ABSOLUTE, COMPRESSED[0x00003238])

    Execution Region ER_IROM1 (Base: 0x00000000, Size: 0x000031fc, Max: 0x00080000, ABSOLUTE)

    Base Addr    Size         Type   Attr      Idx    E Section Name        Object

    0x00000000   0x000000cc   Data   RO            3    RESET               startup_lpc17xx.o
    0x000000cc   0x00000000   Code   RO          448  * .ARM.Collect$$$$00000000  mc_w.l(entry.o)
    0x000000cc   0x00000004   Code   RO          744    .ARM.Collect$$$$00000001  mc_w.l(entry2.o)
    0x000000d0   0x00000004   Code   RO          747    .ARM.Collect$$$$00000004  mc_w.l(entry5.o)
    0x000000d4   0x00000000   Code   RO          749    .ARM.Collect$$$$00000008  mc_w.l(entry7b.o)
    0x000000d4   0x00000008   Code   RO          750    .ARM.Collect$$$$00000009  mc_w.l(entry8.o)
    0x000000dc   0x00000004   Code   RO          745    .ARM.Collect$$$$00002712  mc_w.l(entry2.o)
    0x000000e0   0x00000024   Code   RO            5    .text               startup_lpc17xx.o
    0x00000104   0x00000084   Code   RO          168    .text               led.o
    0x00000188   0x00000068   Code   RO          216    .text               potentiometer.o
    0x000001f0   0x000000a0   Code   RO          237    .text               retarget.o
    0x00000290   0x00000062   Code   RO          451    .text               mc_w.l(uldiv.o)
    0x000002f2   0x00000002   Code   RO          786    i.__scatterload_null  mc_w.l(handlers.o)
    0x000002f4   0x00000008   Data   RO          169    .constdata          led.o
    0x000002fc   0x00000004   Code   RO            4    .ARM.__at_0x02FC    startup_lpc17xx.o
    0x00000300   0x00000c08   Code   RO          112    .text               glcd_spi_lpc1700.o
    0x00000f08   0x000003ac   Code   RO          329    .text               uart.o
    0x000012b4   0x000000ec   Code   RO          356    .text               p4_main.o
    0x000013a0   0x00000318   Code   RO          400    .text               system_lpc17xx.o
    0x000016b8   0x0000002c   Code   RO          751    .text               mc_w.l(uidiv.o)
    0x000016e4   0x0000001e   Code   RO          753    .text               mc_w.l(llshl.o)
    0x00001702   0x00000020   Code   RO          755    .text               mc_w.l(llushr.o)
    0x00001722   0x00000002   PAD
    0x00001724   0x00000024   Code   RO          781    .text               mc_w.l(init.o)
    0x00001748   0x0000005c   Code   RO          791    .text               mc_w.l(__dczerorl2.o)
    0x000017a4   0x00000020   Code   RO          502    i.__0printf$1       mc_w.l(printf1.o)
    0x000017c4   0x0000000e   Code   RO          785    i.__scatterload_copy  mc_w.l(handlers.o)
    0x000017d2   0x0000000e   Code   RO          787    i.__scatterload_zeroinit  mc_w.l(handlers.o)
    0x000017e0   0x00000154   Code   RO          509    i._printf_core      mc_w.l(printf1.o)
    0x00001934   0x00001880   Data   RO          113    .constdata          glcd_spi_lpc1700.o
    0x000031b4   0x00000028   Data   RO          264    .constdata          rtx_config.o
    0x000031dc   0x00000020   Data   RO          783    Region$$Table       anon$$obj.o


    Execution Region RW_IRAM1 (Base: 0x10000000, Size: 0x00002920, Max: 0x00008000, ABSOLUTE, COMPRESSED[0x0000003c])

    Base Addr    Size         Type   Attr      Idx    E Section Name        Object

    0x10000000   0x00000009   Data   RW          114    .data               glcd_spi_lpc1700.o
    0x10000009   0x00000003   PAD
    0x1000000c   0x0000000c   Data   RW          238    .data               retarget.o
    0x10000018   0x00000020   Data   RW          331    .data               uart.o
    0x10000038   0x00000008   Data   RW          357    .data               p4_main.o
    0x10000040   0x00000858   Data   RW          389    .data               bitmaps.o
    0x10000898   0x00000004   Data   RW          401    .data               system_lpc17xx.o
    0x1000089c   0x00000080   Zero   RW          330    .bss                uart.o
    0x1000091c   0x00000004   PAD
    0x10000920   0x00002000   Zero   RW            1    STACK               startup_lpc17xx.o


==============================================================================

Image component sizes


      Code (inc. data)   RO Data    RW Data    ZI Data      Debug   Object Name

         0          0          0       2136          0        481   bitmaps.o
         0          0          0          0          0      20876   ece_spi.o
      3080         64       6272          9          0       8680   glcd_spi_lpc1700.o
       132          8          8          0          0       1276   led.o
       236         38          0          8          0        915   p4_main.o
       104         22          0          0          0        525   potentiometer.o
       160          6          0         12          0       3095   retarget.o
         0          0         40          0          0       7907   rtx_config.o
        40         12        204          0       8192        840   startup_lpc17xx.o
       792         78          0          4          0        993   system_lpc17xx.o
       940         60          0         32        128      28855   uart.o

    ----------------------------------------------------------------------
      5484        288       6556       2204       8324      74443   Object Totals
         0          0         32          0          0          0   (incl. Generated)
         0          0          0          3          4          0   (incl. Padding)

    ----------------------------------------------------------------------

      Code (inc. data)   RO Data    RW Data    ZI Data      Debug   Library Member Name

        92          0          0          0          0          0   __dczerorl2.o
         0          0          0          0          0          0   entry.o
         8          4          0          0          0          0   entry2.o
         4          0          0          0          0          0   entry5.o
         0          0          0          0          0          0   entry7b.o
         8          4          0          0          0          0   entry8.o
        30          0          0          0          0          0   handlers.o
        36          8          0          0          0         68   init.o
        30          0          0          0          0         68   llshl.o
        32          0          0          0          0         68   llushr.o
       372         16          0          0          0        180   printf1.o
        44          0          0          0          0         80   uidiv.o
        98          0          0          0          0         92   uldiv.o

    ----------------------------------------------------------------------
       756         32          0          0          0        556   Library Totals
         2          0          0          0          0          0   (incl. Padding)

    ----------------------------------------------------------------------

      Code (inc. data)   RO Data    RW Data    ZI Data      Debug   Library Name

       754         32          0          0          0        556   mc_w.l

    ----------------------------------------------------------------------
       756         32          0          0          0        556   Library Totals

    ----------------------------------------------------------------------

==============================================================================


      Code (inc. data)   RO Data    RW Data    ZI Data      Debug   

      6240        320       6556       2204       8324      74167   Grand Totals
      6240        320       6556         60       8324      74167   ELF Image Totals (compressed)
      6240        320       6556         60          0          0   ROM Totals

==============================================================================

    Total RO  Size (Code + RO Data)                12796 (  12.50kB)
    Total RW  Size (RW Data + ZI Data)             10528 (  10.28kB)
    Total ROM Size (Code + RO Data + RW Data)      12856 (  12.55kB)

==============================================================================

