ARM Linker, 5.02 [Build 28] [MDK-ARM Lite]

==============================================================================

Section Cross References

    startup_lpc17xx.o(RESET) refers to startup_lpc17xx.o(STACK) for __initial_sp
    startup_lpc17xx.o(RESET) refers to startup_lpc17xx.o(.text) for Reset_Handler
    startup_lpc17xx.o(RESET) refers to uart.o(.text) for UART0_IRQHandler
    startup_lpc17xx.o(.text) refers to system_lpc17xx.o(.text) for SystemInit
    startup_lpc17xx.o(.text) refers to entry.o(.ARM.Collect$$$$00000000) for __main
    glcd_scroll.o(.text) refers to glcd_spi_lpc1700.o(.text) for GLCD_Init
    glcd_scroll.o(.text) refers to glcd_scroll.o(i.last_line) for last_line
    glcd_scroll.o(.text) refers to glcd_scroll.o(i.last_window_line) for last_window_line
    glcd_scroll.o(.text) refers to glcd_scroll.o(.data) for cache_start
    glcd_scroll.o(.text) refers to glcd_scroll.o(.bss) for chache
    glcd_spi_lpc1700.o(.text) refers to glcd_spi_lpc1700.o(.data) for Himax
    glcd_spi_lpc1700.o(.text) refers to glcd_spi_lpc1700.o(.constdata) for Font_6x8_h
    led.o(.text) refers to led.o(.constdata) for led_pos
    mpu9250.o(.text) refers to ece_spi.o(.text) for SPI_select
    mpu9250.o(.text) refers to ffltui.o(.text) for __aeabi_ui2f
    mpu9250.o(.text) refers to fadd.o(.text) for __aeabi_fsub
    mpu9250.o(.text) refers to fdiv.o(.text) for __aeabi_fdiv
    mpu9250.o(.text) refers to fmul.o(.text) for __aeabi_fmul
    mpu9250.o(.text) refers to fflti.o(.text) for __aeabi_i2f
    mpu9250.o(.text) refers to mpu9250.o(.bss) for Magnetometer_ASA
    mpu9250.o(.text) refers to mpu9250.o(.data) for gyro_divider
    mpu9250.o(.text) refers to memcpya.o(.text) for __aeabi_memcpy4
    mpu9250.o(.text) refers to f2d.o(.text) for __aeabi_f2d
    mpu9250.o(.text) refers to dadd.o(.text) for __aeabi_dadd
    mpu9250.o(.text) refers to d2f.o(.text) for __aeabi_d2f
    mpu9250.o(.text) refers to ddiv.o(.text) for __aeabi_ddiv
    mpu9250.o(.text) refers to mpu9250.o(.constdata) for .constdata
    retarget.o(.text) refers to uart.o(.text) for UARTSendChar
    sensor_fusion.o(.text) refers to fdiv.o(.text) for __aeabi_fdiv
    sensor_fusion.o(.text) refers to fmul.o(.text) for __aeabi_fmul
    sensor_fusion.o(.text) refers to fadd.o(.text) for __aeabi_frsub
    sensor_fusion.o(.text) refers to atan2f.o(i.atan2f) for atan2f
    sensor_fusion.o(.text) refers to asinf.o(i.asinf) for asinf
    sensor_fusion.o(.text) refers to cfcmple.o(.text) for __aeabi_cfcmpeq
    sensor_fusion.o(.text) refers to cfrcmple.o(.text) for __aeabi_cfrcmple
    sensor_fusion.o(.text) refers to sensor_fusion.o(.data) for invSampleFreq
    sensor_fusion.o(.text) refers to sqrtf.o(i.sqrtf) for sqrtf
    timer.o(.text) refers to system_lpc17xx.o(.data) for SystemCoreClock
    uart.o(.text) refers to uart.o(.data) for RcvLock0
    uart.o(.text) refers to uart.o(.bss) for UART0Buffer
    uart.o(.text) refers to system_lpc17xx.o(.data) for SystemCoreClock
    p4_main.o(.text) refers to glcd_spi_lpc1700.o(.text) for GLCD_Init
    p4_main.o(.text) refers to p4_main.o(.bss) for bs
    p4_main.o(.text) refers to bitmaps.o(.data) for bs
    system_lpc17xx.o(.text) refers to uldiv.o(.text) for __aeabi_uldivmod
    system_lpc17xx.o(.text) refers to system_lpc17xx.o(.data) for SystemCoreClock
    asinf.o(i.__softfp_asinf) refers (Special) to iusefp.o(.text) for __I$use$fp
    asinf.o(i.__softfp_asinf) refers to asinf.o(i.asinf) for asinf
    asinf.o(i.asinf) refers (Special) to iusefp.o(.text) for __I$use$fp
    asinf.o(i.asinf) refers to fpclassifyf.o(i.__ARM_fpclassifyf) for __ARM_fpclassifyf
    asinf.o(i.asinf) refers to funder.o(i.__mathlib_flt_underflow) for __mathlib_flt_underflow
    asinf.o(i.asinf) refers to fscalb.o(.text) for __ARM_scalbnf
    asinf.o(i.asinf) refers to errno.o(i.__set_errno) for __set_errno
    asinf.o(i.asinf) refers to fdiv.o(.text) for __aeabi_fdiv
    asinf.o(i.asinf) refers to fadd.o(.text) for __aeabi_frsub
    asinf.o(i.asinf) refers to sqrtf.o(i.sqrtf) for sqrtf
    asinf.o(i.asinf) refers to fmul.o(.text) for __aeabi_fmul
    asinf_x.o(i.____softfp_asinf$lsc) refers (Special) to iusefp.o(.text) for __I$use$fp
    asinf_x.o(i.____softfp_asinf$lsc) refers to asinf_x.o(i.__asinf$lsc) for __asinf$lsc
    asinf_x.o(i.__asinf$lsc) refers (Special) to iusefp.o(.text) for __I$use$fp
    asinf_x.o(i.__asinf$lsc) refers to fscalb.o(.text) for __ARM_scalbnf
    asinf_x.o(i.__asinf$lsc) refers to errno.o(i.__set_errno) for __set_errno
    asinf_x.o(i.__asinf$lsc) refers to fadd.o(.text) for __aeabi_frsub
    asinf_x.o(i.__asinf$lsc) refers to sqrtf.o(i.sqrtf) for sqrtf
    asinf_x.o(i.__asinf$lsc) refers to fmul.o(.text) for __aeabi_fmul
    atan2f.o(i.__softfp_atan2f) refers (Special) to iusefp.o(.text) for __I$use$fp
    atan2f.o(i.__softfp_atan2f) refers to atan2f.o(i.atan2f) for atan2f
    atan2f.o(i.atan2f) refers (Special) to iusefp.o(.text) for __I$use$fp
    atan2f.o(i.atan2f) refers to fadd.o(.text) for __aeabi_fadd
    atan2f.o(i.atan2f) refers to fmul.o(.text) for __aeabi_fmul
    atan2f.o(i.atan2f) refers to fdiv.o(.text) for __aeabi_fdiv
    atan2f.o(i.atan2f) refers to fpclassifyf.o(i.__ARM_fpclassifyf) for __ARM_fpclassifyf
    atan2f.o(i.atan2f) refers to funder.o(i.__mathlib_flt_underflow) for __mathlib_flt_underflow
    atan2f_x.o(i.____softfp_atan2f$lsc) refers (Special) to iusefp.o(.text) for __I$use$fp
    atan2f_x.o(i.____softfp_atan2f$lsc) refers to atan2f_x.o(i.__atan2f$lsc) for __atan2f$lsc
    atan2f_x.o(i.__atan2f$lsc) refers (Special) to iusefp.o(.text) for __I$use$fp
    atan2f_x.o(i.__atan2f$lsc) refers to fadd.o(.text) for __aeabi_fadd
    atan2f_x.o(i.__atan2f$lsc) refers to errno.o(i.__set_errno) for __set_errno
    atan2f_x.o(i.__atan2f$lsc) refers to fmul.o(.text) for __aeabi_fmul
    atan2f_x.o(i.__atan2f$lsc) refers to fdiv.o(.text) for __aeabi_fdiv
    sqrtf.o(i.__softfp_sqrtf) refers (Special) to iusefp.o(.text) for __I$use$fp
    sqrtf.o(i.__softfp_sqrtf) refers to fsqrt.o(.text) for _fsqrt
    sqrtf.o(i.__softfp_sqrtf) refers to errno.o(i.__set_errno) for __set_errno
    sqrtf.o(i.sqrtf) refers (Special) to iusefp.o(.text) for __I$use$fp
    sqrtf.o(i.sqrtf) refers to fsqrt.o(.text) for _fsqrt
    sqrtf.o(i.sqrtf) refers to errno.o(i.__set_errno) for __set_errno
    sqrtf_x.o(i.____softfp_sqrtf$lsc) refers (Special) to iusefp.o(.text) for __I$use$fp
    sqrtf_x.o(i.____softfp_sqrtf$lsc) refers to errno.o(i.__set_errno) for __set_errno
    sqrtf_x.o(i.____softfp_sqrtf$lsc) refers to fsqrt.o(.text) for _fsqrt
    sqrtf_x.o(i.__sqrtf$lsc) refers (Special) to iusefp.o(.text) for __I$use$fp
    sqrtf_x.o(i.__sqrtf$lsc) refers to errno.o(i.__set_errno) for __set_errno
    sqrtf_x.o(i.__sqrtf$lsc) refers to fsqrt.o(.text) for _fsqrt
    entry.o(.ARM.Collect$$$$00000000) refers (Special) to entry7b.o(.ARM.Collect$$$$00000008) for _main_clock
    entry.o(.ARM.Collect$$$$00000000) refers (Special) to entry8.o(.ARM.Collect$$$$00000009) for _main_init
    entry.o(.ARM.Collect$$$$00000000) refers (Special) to entry5.o(.ARM.Collect$$$$00000004) for _main_scatterload
    entry.o(.ARM.Collect$$$$00000000) refers (Special) to entry2.o(.ARM.Collect$$$$00000001) for _main_stk
    uldiv.o(.text) refers to llushr.o(.text) for __aeabi_llsr
    uldiv.o(.text) refers to llshl.o(.text) for __aeabi_llsl
    fadd.o(.text) refers (Special) to iusefp.o(.text) for __I$use$fp
    fadd.o(.text) refers to fepilogue.o(.text) for _float_epilogue
    fmul.o(.text) refers (Special) to iusefp.o(.text) for __I$use$fp
    fdiv.o(.text) refers (Special) to iusefp.o(.text) for __I$use$fp
    fdiv.o(.text) refers to fepilogue.o(.text) for _float_round
    dadd.o(.text) refers (Special) to iusefp.o(.text) for __I$use$fp
    dadd.o(.text) refers to llshl.o(.text) for __aeabi_llsl
    dadd.o(.text) refers to llsshr.o(.text) for __aeabi_lasr
    dadd.o(.text) refers to depilogue.o(.text) for _double_epilogue
    ddiv.o(.text) refers (Special) to iusefp.o(.text) for __I$use$fp
    ddiv.o(.text) refers to depilogue.o(.text) for _double_round
    fflti.o(.text) refers (Special) to iusefp.o(.text) for __I$use$fp
    fflti.o(.text) refers to fepilogue.o(.text) for _float_epilogue
    ffltui.o(.text) refers (Special) to iusefp.o(.text) for __I$use$fp
    ffltui.o(.text) refers to fepilogue.o(.text) for _float_epilogue
    f2d.o(.text) refers (Special) to iusefp.o(.text) for __I$use$fp
    d2f.o(.text) refers (Special) to iusefp.o(.text) for __I$use$fp
    d2f.o(.text) refers to fepilogue.o(.text) for _float_round
    cfcmple.o(.text) refers (Special) to iusefp.o(.text) for __I$use$fp
    cfrcmple.o(.text) refers (Special) to iusefp.o(.text) for __I$use$fp
    fpclassifyf.o(i.__ARM_fpclassifyf) refers (Special) to iusefp.o(.text) for __I$use$fp
    funder.o(i.__mathlib_flt_underflow) refers to fscalb.o(.text) for __ARM_scalbnf
    entry2.o(.ARM.Collect$$$$00000001) refers to entry2.o(.ARM.Collect$$$$00002712) for __lit__00000000
    entry2.o(.ARM.Collect$$$$00002712) refers to startup_lpc17xx.o(STACK) for __initial_sp
    entry2.o(__vectab_stack_and_reset_area) refers to startup_lpc17xx.o(STACK) for __initial_sp
    entry2.o(__vectab_stack_and_reset_area) refers to entry.o(.ARM.Collect$$$$00000000) for __main
    entry5.o(.ARM.Collect$$$$00000004) refers to init.o(.text) for __scatterload
    entry8.o(.ARM.Collect$$$$00000009) refers to p4_main.o(.text) for main
    errno.o(i.__aeabi_errno_addr) refers to errno.o(.data) for .data
    errno.o(i.__read_errno) refers to errno.o(.data) for .data
    errno.o(i.__set_errno) refers to errno.o(.data) for .data
    fsqrt.o(.text) refers to fepilogue.o(.text) for _float_round
    depilogue.o(.text) refers to llshl.o(.text) for __aeabi_llsl
    depilogue.o(.text) refers to llushr.o(.text) for __aeabi_llsr
    init.o(.text) refers to entry5.o(.ARM.Collect$$$$00000004) for __main_after_scatterload
    glcd_scroll.o(i.last_line) refers to glcd_scroll.o(.data) for cache_start
    glcd_scroll.o(i.last_window_line) refers to glcd_scroll.o(.data) for window_start

